Component: Arm Compiler for Embedded 6.24 Tool: armlink [5f371500]

==============================================================================

Section Cross References

    startup_stm32f407xx.o(STACK) refers (Special) to heapauxi.o(.text) for __use_two_region_memory
    startup_stm32f407xx.o(HEAP) refers (Special) to heapauxi.o(.text) for __use_two_region_memory
    startup_stm32f407xx.o(RESET) refers (Special) to heapauxi.o(.text) for __use_two_region_memory
    startup_stm32f407xx.o(RESET) refers to startup_stm32f407xx.o(STACK) for __initial_sp
    startup_stm32f407xx.o(RESET) refers to startup_stm32f407xx.o(.text) for Reset_Handler
    startup_stm32f407xx.o(RESET) refers to stm32f4xx_it.o(.text.NMI_Handler) for NMI_Handler
    startup_stm32f407xx.o(RESET) refers to stm32f4xx_it.o(.text.HardFault_Handler) for HardFault_Handler
    startup_stm32f407xx.o(RESET) refers to stm32f4xx_it.o(.text.MemManage_Handler) for MemManage_Handler
    startup_stm32f407xx.o(RESET) refers to stm32f4xx_it.o(.text.BusFault_Handler) for BusFault_Handler
    startup_stm32f407xx.o(RESET) refers to stm32f4xx_it.o(.text.UsageFault_Handler) for UsageFault_Handler
    startup_stm32f407xx.o(RESET) refers to stm32f4xx_it.o(.text.SVC_Handler) for SVC_Handler
    startup_stm32f407xx.o(RESET) refers to stm32f4xx_it.o(.text.DebugMon_Handler) for DebugMon_Handler
    startup_stm32f407xx.o(RESET) refers to stm32f4xx_it.o(.text.PendSV_Handler) for PendSV_Handler
    startup_stm32f407xx.o(RESET) refers to stm32f4xx_it.o(.text.SysTick_Handler) for SysTick_Handler
    startup_stm32f407xx.o(RESET) refers to stm32f4xx_it.o(.text.DMA1_Stream5_IRQHandler) for DMA1_Stream5_IRQHandler
    startup_stm32f407xx.o(RESET) refers to stm32f4xx_it.o(.text.CAN1_RX0_IRQHandler) for CAN1_RX0_IRQHandler
    startup_stm32f407xx.o(RESET) refers to stm32f4xx_it.o(.text.TIM2_IRQHandler) for TIM2_IRQHandler
    startup_stm32f407xx.o(RESET) refers to stm32f4xx_it.o(.text.TIM3_IRQHandler) for TIM3_IRQHandler
    startup_stm32f407xx.o(RESET) refers to stm32f4xx_it.o(.text.USART1_IRQHandler) for USART1_IRQHandler
    startup_stm32f407xx.o(RESET) refers to stm32f4xx_it.o(.text.USART2_IRQHandler) for USART2_IRQHandler
    startup_stm32f407xx.o(RESET) refers to stm32f4xx_it.o(.text.USART3_IRQHandler) for USART3_IRQHandler
    startup_stm32f407xx.o(RESET) refers to stm32f4xx_it.o(.text.UART4_IRQHandler) for UART4_IRQHandler
    startup_stm32f407xx.o(RESET) refers to stm32f4xx_it.o(.text.CAN2_RX0_IRQHandler) for CAN2_RX0_IRQHandler
    startup_stm32f407xx.o(RESET) refers to stm32f4xx_it.o(.text.CAN2_RX1_IRQHandler) for CAN2_RX1_IRQHandler
    startup_stm32f407xx.o(RESET) refers to stm32f4xx_it.o(.text.USART6_IRQHandler) for USART6_IRQHandler
    startup_stm32f407xx.o(.text) refers (Special) to heapauxi.o(.text) for __use_two_region_memory
    startup_stm32f407xx.o(.text) refers to system_stm32f4xx.o(.text.SystemInit) for SystemInit
    startup_stm32f407xx.o(.text) refers to __main.o(!!!main) for __main
    startup_stm32f407xx.o(.text) refers to startup_stm32f407xx.o(HEAP) for Heap_Mem
    startup_stm32f407xx.o(.text) refers to startup_stm32f407xx.o(STACK) for Stack_Mem
    main.o(.text.main) refers to stm32f4xx_hal.o(.text.HAL_Init) for HAL_Init
    main.o(.text.main) refers to main.o(.text.SystemClock_Config) for SystemClock_Config
    main.o(.text.main) refers to gpio.o(.text.MX_GPIO_Init) for MX_GPIO_Init
    main.o(.text.main) refers to dma.o(.text.MX_DMA_Init) for MX_DMA_Init
    main.o(.text.main) refers to can.o(.text.MX_CAN1_Init) for MX_CAN1_Init
    main.o(.text.main) refers to tim.o(.text.MX_TIM4_Init) for MX_TIM4_Init
    main.o(.text.main) refers to can.o(.text.MX_CAN2_Init) for MX_CAN2_Init
    main.o(.text.main) refers to usart.o(.text.MX_USART1_UART_Init) for MX_USART1_UART_Init
    main.o(.text.main) refers to usart.o(.text.MX_USART2_UART_Init) for MX_USART2_UART_Init
    main.o(.text.main) refers to usart.o(.text.MX_USART3_UART_Init) for MX_USART3_UART_Init
    main.o(.text.main) refers to tim.o(.text.MX_TIM1_Init) for MX_TIM1_Init
    main.o(.text.main) refers to usart.o(.text.MX_UART4_Init) for MX_UART4_Init
    main.o(.text.main) refers to usart.o(.text.MX_UART5_Init) for MX_UART5_Init
    main.o(.text.main) refers to usart.o(.text.MX_USART6_UART_Init) for MX_USART6_UART_Init
    main.o(.text.main) refers to tim.o(.text.MX_TIM2_Init) for MX_TIM2_Init
    main.o(.text.main) refers to tim.o(.text.MX_TIM3_Init) for MX_TIM3_Init
    main.o(.text.main) refers to task.o(.text.vision_init) for vision_init
    main.o(.text.main) refers to tim.o(.bss.htim3) for htim3
    main.o(.text.main) refers to stm32f4xx_hal_tim.o(.text.HAL_TIM_Base_Start_IT) for HAL_TIM_Base_Start_IT
    main.o(.text.main) refers to pid.o(.text.PID_Init) for PID_Init
    main.o(.text.main) refers to maixcam.o(.text.Hal_Uart_Init) for Hal_Uart_Init
    main.o(.text.main) refers to bsp_dwt.o(.text.DWT_Init) for DWT_Init
[...]
    __rt_exit_ls                             0x08000249   Thumb Code     0  rtexit2.o(.ARM.Collect$$rtexit$$00000003)
    __rt_exit_prels_1                        0x08000249   Thumb Code     0  rtexit2.o(.ARM.Collect$$rtexit$$00000002)
    __rt_exit_exit                           0x0800024d   Thumb Code     0  rtexit2.o(.ARM.Collect$$rtexit$$00000004)
    Reset_Handler                            0x08000255   Thumb Code     8  startup_stm32f407xx.o(.text)
    ADC_IRQHandler                           0x0800026f   Thumb Code     0  startup_stm32f407xx.o(.text)
    CAN1_RX1_IRQHandler                      0x0800026f   Thumb Code     0  startup_stm32f407xx.o(.text)
    CAN1_SCE_IRQHandler                      0x0800026f   Thumb Code     0  startup_stm32f407xx.o(.text)
    CAN1_TX_IRQHandler                       0x0800026f   Thumb Code     0  startup_stm32f407xx.o(.text)
    CAN2_SCE_IRQHandler                      0x0800026f   Thumb Code     0  startup_stm32f407xx.o(.text)
    CAN2_TX_IRQHandler                       0x0800026f   Thumb Code     0  startup_stm32f407xx.o(.text)
    DCMI_IRQHandler                          0x0800026f   Thumb Code     0  startup_stm32f407xx.o(.text)
    DMA1_Stream0_IRQHandler                  0x0800026f   Thumb Code     0  startup_stm32f407xx.o(.text)
    DMA1_Stream1_IRQHandler                  0x0800026f   Thumb Code     0  startup_stm32f407xx.o(.text)
    DMA1_Stream2_IRQHandler                  0x0800026f   Thumb Code     0  startup_stm32f407xx.o(.text)
    DMA1_Stream3_IRQHandler                  0x0800026f   Thumb Code     0  startup_stm32f407xx.o(.text)
    DMA1_Stream4_IRQHandler                  0x0800026f   Thumb Code     0  startup_stm32f407xx.o(.text)
    DMA1_Stream6_IRQHandler                  0x0800026f   Thumb Code     0  startup_stm32f407xx.o(.text)
    DMA1_Stream7_IRQHandler                  0x0800026f   Thumb Code     0  startup_stm32f407xx.o(.text)
    DMA2_Stream0_IRQHandler                  0x0800026f   Thumb Code     0  startup_stm32f407xx.o(.text)
    DMA2_Stream1_IRQHandler                  0x0800026f   Thumb Code     0  startup_stm32f407xx.o(.text)
    DMA2_Stream2_IRQHandler                  0x0800026f   Thumb Code     0  startup_stm32f407xx.o(.text)
    DMA2_Stream3_IRQHandler                  0x0800026f   Thumb Code     0  startup_stm32f407xx.o(.text)
    DMA2_Stream4_IRQHandler                  0x0800026f   Thumb Code     0  startup_stm32f407xx.o(.text)
    DMA2_Stream5_IRQHandler                  0x0800026f   Thumb Code     0  startup_stm32f407xx.o(.text)
    DMA2_Stream6_IRQHandler                  0x0800026f   Thumb Code     0  startup_stm32f407xx.o(.text)
    DMA2_Stream7_IRQHandler                  0x0800026f   Thumb Code     0  startup_stm32f407xx.o(.text)
    ETH_IRQHandler                           0x0800026f   Thumb Code     0  startup_stm32f407xx.o(.text)
    ETH_WKUP_IRQHandler                      0x0800026f   Thumb Code     0  startup_stm32f407xx.o(.text)
    EXTI0_IRQHandler                         0x0800026f   Thumb Code     0  startup_stm32f407xx.o(.text)
    EXTI15_10_IRQHandler                     0x0800026f   Thumb Code     0  startup_stm32f407xx.o(.text)
    EXTI1_IRQHandler                         0x0800026f   Thumb Code     0  startup_stm32f407xx.o(.text)
    EXTI2_IRQHandler                         0x0800026f   Thumb Code     0  startup_stm32f407xx.o(.text)
    EXTI3_IRQHandler                         0x0800026f   Thumb Code     0  startup_stm32f407xx.o(.text)
    EXTI4_IRQHandler                         0x0800026f   Thumb Code     0  startup_stm32f407xx.o(.text)
    EXTI9_5_IRQHandler                       0x0800026f   Thumb Code     0  startup_stm32f407xx.o(.text)
    FLASH_IRQHandler                         0x0800026f   Thumb Code     0  startup_stm32f407xx.o(.text)
    FMC_IRQHandler                           0x0800026f   Thumb Code     0  startup_stm32f407xx.o(.text)
    FPU_IRQHandler                           0x0800026f   Thumb Code     0  startup_stm32f407xx.o(.text)
    HASH_RNG_IRQHandler                      0x0800026f   Thumb Code     0  startup_stm32f407xx.o(.text)
    I2C1_ER_IRQHandler                       0x0800026f   Thumb Code     0  startup_stm32f407xx.o(.text)
    I2C1_EV_IRQHandler                       0x0800026f   Thumb Code     0  startup_stm32f407xx.o(.text)
    I2C2_ER_IRQHandler                       0x0800026f   Thumb Code     0  startup_stm32f407xx.o(.text)
    I2C2_EV_IRQHandler                       0x0800026f   Thumb Code     0  startup_stm32f407xx.o(.text)
    I2C3_ER_IRQHandler                       0x0800026f   Thumb Code     0  startup_stm32f407xx.o(.text)
    I2C3_EV_IRQHandler                       0x0800026f   Thumb Code     0  startup_stm32f407xx.o(.text)
    OTG_FS_IRQHandler                        0x0800026f   Thumb Code     0  startup_stm32f407xx.o(.text)
    OTG_FS_WKUP_IRQHandler                   0x0800026f   Thumb Code     0  startup_stm32f407xx.o(.text)
    OTG_HS_EP1_IN_IRQHandler                 0x0800026f   Thumb Code     0  startup_stm32f407xx.o(.text)
    OTG_HS_EP1_OUT_IRQHandler                0x0800026f   Thumb Code     0  startup_stm32f407xx.o(.text)
    OTG_HS_IRQHandler                        0x0800026f   Thumb Code     0  startup_stm32f407xx.o(.text)
    OTG_HS_WKUP_IRQHandler                   0x0800026f   Thumb Code     0  startup_stm32f407xx.o(.text)
    PVD_IRQHandler                           0x0800026f   Thumb Code     0  startup_stm32f407xx.o(.text)
    RCC_IRQHandler                           0x0800026f   Thumb Code     0  startup_stm32f407xx.o(.text)
    RTC_Alarm_IRQHandler                     0x0800026f   Thumb Code     0  startup_stm32f407xx.o(.text)
    RTC_WKUP_IRQHandler                      0x0800026f   Thumb Code     0  startup_stm32f407xx.o(.text)
    SDIO_IRQHandler                          0x0800026f   Thumb Code     0  startup_stm32f407xx.o(.text)
    SPI1_IRQHandler                          0x0800026f   Thumb Code     0  startup_stm32f407xx.o(.text)
    SPI2_IRQHandler                          0x0800026f   Thumb Code     0  startup_stm32f407xx.o(.text)
    SPI3_IRQHandler                          0x0800026f   Thumb Code     0  startup_stm32f407xx.o(.text)
    TAMP_STAMP_IRQHandler                    0x0800026f   Thumb Code     0  startup_stm32f407xx.o(.text)
    TIM1_BRK_TIM9_IRQHandler                 0x0800026f   Thumb Code     0  startup_stm32f407xx.o(.text)
    TIM1_CC_IRQHandler                       0x0800026f   Thumb Code     0  startup_stm32f407xx.o(.text)
    TIM1_TRG_COM_TIM11_IRQHandler            0x0800026f   Thumb Code     0  startup_stm32f407xx.o(.text)
    TIM1_UP_TIM10_IRQHandler                 0x0800026f   Thumb Code     0  startup_stm32f407xx.o(.text)
    TIM4_IRQHandler                          0x0800026f   Thumb Code     0  startup_stm32f407xx.o(.text)
    TIM5_IRQHandler                          0x0800026f   Thumb Code     0  startup_stm32f407xx.o(.text)
    TIM6_DAC_IRQHandler                      0x0800026f   Thumb Code     0  startup_stm32f407xx.o(.text)
    TIM7_IRQHandler                          0x0800026f   Thumb Code     0  startup_stm32f407xx.o(.text)
    TIM8_BRK_TIM12_IRQHandler                0x0800026f   Thumb Code     0  startup_stm32f407xx.o(.text)
    TIM8_CC_IRQHandler                       0x0800026f   Thumb Code     0  startup_stm32f407xx.o(.text)
    TIM8_TRG_COM_TIM14_IRQHandler            0x0800026f   Thumb Code     0  startup_stm32f407xx.o(.text)
    TIM8_UP_TIM13_IRQHandler                 0x0800026f   Thumb Code     0  startup_stm32f407xx.o(.text)
    UART5_IRQHandler                         0x0800026f   Thumb Code     0  startup_stm32f407xx.o(.text)
    WWDG_IRQHandler                          0x0800026f   Thumb Code     0  startup_stm32f407xx.o(.text)
    __user_initial_stackheap                 0x08000271   Thumb Code     0  startup_stm32f407xx.o(.text)
    __aeabi_uldivmod                         0x08000295   Thumb Code     0  lludivv7m.o(.text)
    _ll_udiv                                 0x08000295   Thumb Code   240  lludivv7m.o(.text)
    strlen                                   0x08000385   Thumb Code    62  strlen.o(.text)
    __aeabi_memclr4                          0x080003c3   Thumb Code     0  rt_memclr_w.o(.text)
    __aeabi_memclr8                          0x080003c3   Thumb Code     0  rt_memclr_w.o(.text)
    __rt_memclr_w                            0x080003c3   Thumb Code     0  rt_memclr_w.o(.text)
    _memset_w                                0x080003c7   Thumb Code    74  rt_memclr_w.o(.text)
    __use_two_region_memory                  0x08000411   Thumb Code     2  heapauxi.o(.text)
    __rt_heap_escrow$2region                 0x08000413   Thumb Code     2  heapauxi.o(.text)
    __rt_heap_expand$2region                 0x08000415   Thumb Code     2  heapauxi.o(.text)
    __read_errno                             0x08000417   Thumb Code    10  _rserrno.o(.text)
    __set_errno                              0x08000421   Thumb Code    12  _rserrno.o(.text)
    __aeabi_errno_addr                       0x0800042d   Thumb Code     8  rt_errno_addr_intlibspace.o(.text)
    __errno$intlibspace                      0x0800042d   Thumb Code     0  rt_errno_addr_intlibspace.o(.text)
    __rt_errno_addr$intlibspace              0x0800042d   Thumb Code     0  rt_errno_addr_intlibspace.o(.text)
    __user_libspace                          0x08000435   Thumb Code     8  libspace.o(.text)
    __user_perproc_libspace                  0x08000435   Thumb Code     0  libspace.o(.text)
    __user_perthread_libspace                0x08000435   Thumb Code     0  libspace.o(.text)
    __user_setup_stackheap                   0x0800043d   Thumb Code    74  sys_stackheap_outer.o(.text)
    exit                                     0x08000487   Thumb Code    18  exit.o(.text)
    _sys_exit                                0x08000499   Thumb Code     8  sys_exit.o(.text)
    __I$use$semihosting                      0x080004a5   Thumb Code     0  use_no_semi.o(.text)
    __use_no_semihosting_swi                 0x080004a5   Thumb Code     2  use_no_semi.o(.text)
    __semihosting_library_function           0x080004a7   Thumb Code     0  indicate_semi.o(.text)
    Angle1                                   0x080004a9   Thumb Code    64  arm.o(.text.Angle1)
    Angle2                                   0x080004f5   Thumb Code    64  arm.o(.text.Angle2)
    Arm_Init                                 0x08000541   Thumb Code    42  arm.o(.text.Arm_Init)
    Arm_up                                   0x0800056d   Thumb Code    20  arm.o(.text.Arm_up)
    BusFault_Handler                         0x08000589   Thumb Code     4  stm32f4xx_it.o(.text.BusFault_Handler)
    CAN1_RX0_IRQHandler                      0x0800058d   Thumb Code    16  stm32f4xx_it.o(.text.CAN1_RX0_IRQHandler)
    CAN2_RX0_IRQHandler                      0x0800059d   Thumb Code    16  stm32f4xx_it.o(.text.CAN2_RX0_IRQHandler)
    CAN2_RX1_IRQHandler                      0x080005ad   Thumb Code    16  stm32f4xx_it.o(.text.CAN2_RX1_IRQHandler)
    CAN_Config                               0x080005bd   Thumb Code   100  bsp_can.o(.text.CAN_Config)
    CAN_cmd_chassis                          0x08000621   Thumb Code   118  bsp_can.o(.text.CAN_cmd_chassis)
    DMA1_Stream5_IRQHandler                  0x08000699   Thumb Code    16  stm32f4xx_it.o(.text.DMA1_Stream5_IRQHandler)
    DMMotorDecode                            0x080007f1   Thumb Code   216  dm_motor.o(.text.DMMotorDecode)
    DWT_Delay                                0x08000919   Thumb Code    88  bsp_dwt.o(.text.DWT_Delay)
    DWT_GetDeltaT                            0x08000971   Thumb Code    76  bsp_dwt.o(.text.DWT_GetDeltaT)
    DWT_GetTimeline_s                        0x080009bd   Thumb Code    80  bsp_dwt.o(.text.DWT_GetTimeline_s)
    DWT_Init                                 0x08000a15   Thumb Code   136  bsp_dwt.o(.text.DWT_Init)
    DWT_SysTimeUpdate                        0x08000a9d   Thumb Code   252  bsp_dwt.o(.text.DWT_SysTimeUpdate)
    DebugMon_Handler                         0x08000b99   Thumb Code     2  stm32f4xx_it.o(.text.DebugMon_Handler)
    Error_Handler                            0x08000b9d   Thumb Code     6  main.o(.text.Error_Handler)
    HAL_CAN_ActivateNotification             0x08000ba5   Thumb Code    82  stm32f4xx_hal_can.o(.text.HAL_CAN_ActivateNotification)
    HAL_CAN_AddTxMessage                     0x08000bf9   Thumb Code   342  stm32f4xx_hal_can.o(.text.HAL_CAN_AddTxMessage)
    HAL_CAN_ConfigFilter                     0x08000d51   Thumb Code   420  stm32f4xx_hal_can.o(.text.HAL_CAN_ConfigFilter)
    HAL_CAN_ErrorCallback                    0x08000ef5   Thumb Code     8  stm32f4xx_hal_can.o(.text.HAL_CAN_ErrorCallback)
    HAL_CAN_GetRxMessage                     0x08000efd   Thumb Code   530  stm32f4xx_hal_can.o(.text.HAL_CAN_GetRxMessage)
    HAL_CAN_IRQHandler                       0x08001111   Thumb Code  1010  stm32f4xx_hal_can.o(.text.HAL_CAN_IRQHandler)
    HAL_CAN_Init                             0x08001505   Thumb Code   478  stm32f4xx_hal_can.o(.text.HAL_CAN_Init)
    HAL_CAN_MspInit                          0x080016e5   Thumb Code   410  can.o(.text.HAL_CAN_MspInit)
    HAL_CAN_RxFifo0FullCallback              0x08001881   Thumb Code     8  stm32f4xx_hal_can.o(.text.HAL_CAN_RxFifo0FullCallback)
    HAL_CAN_RxFifo0MsgPendingCallback        0x08001889   Thumb Code   204  bsp_can.o(.text.HAL_CAN_RxFifo0MsgPendingCallback)
    HAL_CAN_RxFifo1FullCallback              0x08001955   Thumb Code     8  stm32f4xx_hal_can.o(.text.HAL_CAN_RxFifo1FullCallback)
    HAL_CAN_RxFifo1MsgPendingCallback        0x0800195d   Thumb Code     8  stm32f4xx_hal_can.o(.text.HAL_CAN_RxFifo1MsgPendingCallback)
    HAL_CAN_SleepCallback                    0x08001965   Thumb Code     8  stm32f4xx_hal_can.o(.text.HAL_CAN_SleepCallback)
    HAL_CAN_Start                            0x0800196d   Thumb Code   138  stm32f4xx_hal_can.o(.text.HAL_CAN_Start)
    HAL_CAN_TxMailbox0AbortCallback          0x080019f9   Thumb Code     8  stm32f4xx_hal_can.o(.text.HAL_CAN_TxMailbox0AbortCallback)
    HAL_CAN_TxMailbox0CompleteCallback       0x08001a01   Thumb Code     8  stm32f4xx_hal_can.o(.text.HAL_CAN_TxMailbox0CompleteCallback)
    HAL_CAN_TxMailbox1AbortCallback          0x08001a09   Thumb Code     8  stm32f4xx_hal_can.o(.text.HAL_CAN_TxMailbox1AbortCallback)
    HAL_CAN_TxMailbox1CompleteCallback       0x08001a11   Thumb Code     8  stm32f4xx_hal_can.o(.text.HAL_CAN_TxMailbox1CompleteCallback)
    HAL_CAN_TxMailbox2AbortCallback          0x08001a19   Thumb Code     8  stm32f4xx_hal_can.o(.text.HAL_CAN_TxMailbox2AbortCallback)
    HAL_CAN_TxMailbox2CompleteCallback       0x08001a21   Thumb Code     8  stm32f4xx_hal_can.o(.text.HAL_CAN_TxMailbox2CompleteCallback)
    HAL_CAN_WakeUpFromRxMsgCallback          0x08001a29   Thumb Code     8  stm32f4xx_hal_can.o(.text.HAL_CAN_WakeUpFromRxMsgCallback)
    HAL_DMA_Abort                            0x08001a31   Thumb Code   236  stm32f4xx_hal_dma.o(.text.HAL_DMA_Abort)
    HAL_DMA_Abort_IT                         0x08001b1d   Thumb Code    68  stm32f4xx_hal_dma.o(.text.HAL_DMA_Abort_IT)
    HAL_DMA_IRQHandler                       0x08001b61   Thumb Code   798  stm32f4xx_hal_dma.o(.text.HAL_DMA_IRQHandler)
    HAL_DMA_Init                             0x08001e81   Thumb Code   366  stm32f4xx_hal_dma.o(.text.HAL_DMA_Init)
    HAL_Delay                                0x08001ff1   Thumb Code    66  stm32f4xx_hal.o(.text.HAL_Delay)
    HAL_GPIO_Init                            0x08002035   Thumb Code   950  stm32f4xx_hal_gpio.o(.text.HAL_GPIO_Init)
    HAL_GPIO_ReadPin                         0x080023ed   Thumb Code    46  stm32f4xx_hal_gpio.o(.text.HAL_GPIO_ReadPin)
    HAL_GPIO_WritePin                        0x0800241d   Thumb Code    46  stm32f4xx_hal_gpio.o(.text.HAL_GPIO_WritePin)
    HAL_GetTick                              0x0800244d   Thumb Code    12  stm32f4xx_hal.o(.text.HAL_GetTick)
    HAL_IncTick                              0x08002459   Thumb Code    26  stm32f4xx_hal.o(.text.HAL_IncTick)
    HAL_Init                                 0x08002475   Thumb Code    54  stm32f4xx_hal.o(.text.HAL_Init)
    HAL_InitTick                             0x080024ad   Thumb Code   112  stm32f4xx_hal.o(.text.HAL_InitTick)
    HAL_MspInit                              0x0800251d   Thumb Code    74  stm32f4xx_hal_msp.o(.text.HAL_MspInit)
    HAL_NVIC_EnableIRQ                       0x08002569   Thumb Code    20  stm32f4xx_hal_cortex.o(.text.HAL_NVIC_EnableIRQ)
    HAL_NVIC_SetPriority                     0x0800257d   Thumb Code    50  stm32f4xx_hal_cortex.o(.text.HAL_NVIC_SetPriority)
    HAL_NVIC_SetPriorityGrouping             0x080025b1   Thumb Code    16  stm32f4xx_hal_cortex.o(.text.HAL_NVIC_SetPriorityGrouping)
    HAL_RCC_ClockConfig                      0x080025c1   Thumb Code   610  stm32f4xx_hal_rcc.o(.text.HAL_RCC_ClockConfig)
    HAL_RCC_GetHCLKFreq                      0x08002825   Thumb Code    12  stm32f4xx_hal_rcc.o(.text.HAL_RCC_GetHCLKFreq)
    HAL_RCC_GetPCLK1Freq                     0x08002831   Thumb Code    34  stm32f4xx_hal_rcc.o(.text.HAL_RCC_GetPCLK1Freq)
    HAL_RCC_GetPCLK2Freq                     0x08002855   Thumb Code    34  stm32f4xx_hal_rcc.o(.text.HAL_RCC_GetPCLK2Freq)
    HAL_RCC_GetSysClockFreq                  0x08002879   Thumb Code   230  stm32f4xx_hal_rcc.o(.text.HAL_RCC_GetSysClockFreq)
    HAL_RCC_OscConfig                        0x08002961   Thumb Code  1726  stm32f4xx_hal_rcc.o(.text.HAL_RCC_OscConfig)
    HAL_SYSTICK_Config                       0x08003021   Thumb Code    16  stm32f4xx_hal_cortex.o(.text.HAL_SYSTICK_Config)
    HAL_TIMEx_BreakCallback                  0x08003031   Thumb Code     8  stm32f4xx_hal_tim_ex.o(.text.HAL_TIMEx_BreakCallback)
    HAL_TIMEx_CommutCallback                 0x08003039   Thumb Code     8  stm32f4xx_hal_tim_ex.o(.text.HAL_TIMEx_CommutCallback)
    HAL_TIMEx_ConfigBreakDeadTime            0x08003041   Thumb Code   178  stm32f4xx_hal_tim_ex.o(.text.HAL_TIMEx_ConfigBreakDeadTime)
    HAL_TIMEx_MasterConfigSynchronization    0x080030f5   Thumb Code   290  stm32f4xx_hal_tim_ex.o(.text.HAL_TIMEx_MasterConfigSynchronization)
    HAL_TIM_Base_Init                        0x08003219   Thumb Code   156  stm32f4xx_hal_tim.o(.text.HAL_TIM_Base_Init)
    HAL_TIM_Base_MspInit                     0x080032b5   Thumb Code   206  tim.o(.text.HAL_TIM_Base_MspInit)
    HAL_TIM_Base_Start_IT                    0x08003385   Thumb Code   246  stm32f4xx_hal_tim.o(.text.HAL_TIM_Base_Start_IT)
    HAL_TIM_ConfigClockSource                0x0800347d   Thumb Code   388  stm32f4xx_hal_tim.o(.text.HAL_TIM_ConfigClockSource)
    HAL_TIM_IC_CaptureCallback               0x08003601   Thumb Code     8  stm32f4xx_hal_tim.o(.text.HAL_TIM_IC_CaptureCallback)
    HAL_TIM_IRQHandler                       0x08003609   Thumb Code   538  stm32f4xx_hal_tim.o(.text.HAL_TIM_IRQHandler)
    HAL_TIM_MspPostInit                      0x08003825   Thumb Code   278  tim.o(.text.HAL_TIM_MspPostInit)
    HAL_TIM_OC_DelayElapsedCallback          0x0800393d   Thumb Code     8  stm32f4xx_hal_tim.o(.text.HAL_TIM_OC_DelayElapsedCallback)
    HAL_TIM_PWM_ConfigChannel                0x08003945   Thumb Code   322  stm32f4xx_hal_tim.o(.text.HAL_TIM_PWM_ConfigChannel)
    HAL_TIM_PWM_Init                         0x08003a89   Thumb Code   156  stm32f4xx_hal_tim.o(.text.HAL_TIM_PWM_Init)
    HAL_TIM_PWM_MspInit                      0x08003b25   Thumb Code    60  tim.o(.text.HAL_TIM_PWM_MspInit)
    HAL_TIM_PWM_PulseFinishedCallback        0x08003b61   Thumb Code     8  stm32f4xx_hal_tim.o(.text.HAL_TIM_PWM_PulseFinishedCallback)
    HAL_TIM_PWM_Start                        0x08003b69   Thumb Code   458  stm32f4xx_hal_tim.o(.text.HAL_TIM_PWM_Start)
    HAL_TIM_PeriodElapsedCallback            0x08003d35   Thumb Code    40  maixcam.o(.text.HAL_TIM_PeriodElapsedCallback)
    HAL_TIM_TriggerCallback                  0x08003d5d   Thumb Code     8  stm32f4xx_hal_tim.o(.text.HAL_TIM_TriggerCallback)
    HAL_UARTEx_RxEventCallback               0x08003d65   Thumb Code    12  stm32f4xx_hal_uart.o(.text.HAL_UARTEx_RxEventCallback)
    HAL_UART_ErrorCallback                   0x08003d71   Thumb Code   136  maixcam.o(.text.HAL_UART_ErrorCallback)
    HAL_UART_IRQHandler                      0x08003df9   Thumb Code  1068  stm32f4xx_hal_uart.o(.text.HAL_UART_IRQHandler)
    HAL_UART_Init                            0x08004225   Thumb Code   158  stm32f4xx_hal_uart.o(.text.HAL_UART_Init)
    HAL_UART_MspInit                         0x080042c5   Thumb Code  1038  usart.o(.text.HAL_UART_MspInit)
    HAL_UART_Receive_IT                      0x080046d5   Thumb Code    86  stm32f4xx_hal_uart.o(.text.HAL_UART_Receive_IT)
    HAL_UART_RxCpltCallback                  0x0800472d   Thumb Code   536  maixcam.o(.text.HAL_UART_RxCpltCallback)
    HAL_UART_Transmit                        0x08004945   Thumb Code   304  stm32f4xx_hal_uart.o(.text.HAL_UART_Transmit)
    HAL_UART_TxCpltCallback                  0x08004a75   Thumb Code     8  stm32f4xx_hal_uart.o(.text.HAL_UART_TxCpltCallback)
    Hal_Uart_Init                            0x08004a7d   Thumb Code    98  maixcam.o(.text.Hal_Uart_Init)
    HardFault_Handler                        0x08004ae1   Thumb Code     4  stm32f4xx_it.o(.text.HardFault_Handler)
    JY61P_START                              0x08004ae5   Thumb Code   120  jy61p.o(.text.JY61P_START)
    MX_CAN1_Init                             0x08004b5d   Thumb Code    78  can.o(.text.MX_CAN1_Init)
    MX_CAN2_Init                             0x08004bad   Thumb Code    78  can.o(.text.MX_CAN2_Init)
    MX_DMA_Init                              0x08004bfd   Thumb Code    60  dma.o(.text.MX_DMA_Init)
    MX_GPIO_Init                             0x08004c39   Thumb Code   392  gpio.o(.text.MX_GPIO_Init)
    MX_TIM1_Init                             0x08004dc1   Thumb Code   224  tim.o(.text.MX_TIM1_Init)
    MX_TIM2_Init                             0x08004ea1   Thumb Code   212  tim.o(.text.MX_TIM2_Init)
    MX_TIM3_Init                             0x08004f75   Thumb Code   132  tim.o(.text.MX_TIM3_Init)
    MX_TIM4_Init                             0x08004ff9   Thumb Code   218  tim.o(.text.MX_TIM4_Init)
    MX_UART4_Init                            0x080050d5   Thumb Code    64  usart.o(.text.MX_UART4_Init)
    MX_UART5_Init                            0x08005115   Thumb Code    64  usart.o(.text.MX_UART5_Init)
    MX_USART1_UART_Init                      0x08005155   Thumb Code    64  usart.o(.text.MX_USART1_UART_Init)
    MX_USART2_UART_Init                      0x08005195   Thumb Code    64  usart.o(.text.MX_USART2_UART_Init)
    MX_USART3_UART_Init                      0x080051d5   Thumb Code    64  usart.o(.text.MX_USART3_UART_Init)
    MX_USART6_UART_Init                      0x08005215   Thumb Code    64  usart.o(.text.MX_USART6_UART_Init)
    MemManage_Handler                        0x08005255   Thumb Code     4  stm32f4xx_it.o(.text.MemManage_Handler)
    NMI_Handler                              0x08005259   Thumb Code     4  stm32f4xx_it.o(.text.NMI_Handler)
    PIDCalculate                             0x080052c9   Thumb Code   444  pid.o(.text.PIDCalculate)
    PIDInit                                  0x08005485   Thumb Code    88  pid.o(.text.PIDInit)
    PID_Angle_Position                       0x080054dd   Thumb Code   198  pid.o(.text.PID_Angle_Position)
    PID_Init                                 0x080055a5   Thumb Code   108  pid.o(.text.PID_Init)
    PID_Position                             0x08005611   Thumb Code   196  pid.o(.text.PID_Position)
    PendSV_Handler                           0x080056d5   Thumb Code     2  stm32f4xx_it.o(.text.PendSV_Handler)
    SVC_Handler                              0x080056d9   Thumb Code     2  stm32f4xx_it.o(.text.SVC_Handler)
    S_regulate_Ctl                           0x080056e1   Thumb Code   224  chassis.o(.text.S_regulate_Ctl)
    S_regulate_track                         0x080057d1   Thumb Code   216  chassis.o(.text.S_regulate_track)
    S_regulate_track2Line                    0x080058b1   Thumb Code   216  chassis.o(.text.S_regulate_track2Line)
    S_regulate_walkspin                      0x08005991   Thumb Code   224  chassis.o(.text.S_regulate_walkspin)
    SysTick_Handler                          0x08005acd   Thumb Code     8  stm32f4xx_it.o(.text.SysTick_Handler)
    SystemClock_Config                       0x08005ad5   Thumb Code   186  main.o(.text.SystemClock_Config)
    SystemInit                               0x08005b91   Thumb Code    18  system_stm32f4xx.o(.text.SystemInit)
    TIM2_IRQHandler                          0x08005ba5   Thumb Code    16  stm32f4xx_it.o(.text.TIM2_IRQHandler)
    TIM3_IRQHandler                          0x08005bb5   Thumb Code    16  stm32f4xx_it.o(.text.TIM3_IRQHandler)
    TIM_Base_SetConfig                       0x08005bc5   Thumb Code   432  stm32f4xx_hal_tim.o(.text.TIM_Base_SetConfig)
    TIM_CCxChannelCmd                        0x08005d75   Thumb Code    54  stm32f4xx_hal_tim.o(.text.TIM_CCxChannelCmd)
    TIM_ETR_SetConfig                        0x08005dad   Thumb Code    52  stm32f4xx_hal_tim.o(.text.TIM_ETR_SetConfig)
    TIM_OC2_SetConfig                        0x08005ef9   Thumb Code   244  stm32f4xx_hal_tim.o(.text.TIM_OC2_SetConfig)
    UART4_IRQHandler                         0x08006229   Thumb Code    16  stm32f4xx_it.o(.text.UART4_IRQHandler)
    UART_Start_Receive_IT                    0x080065bd   Thumb Code    98  stm32f4xx_hal_uart.o(.text.UART_Start_Receive_IT)
    USART1_IRQHandler                        0x08006791   Thumb Code    16  stm32f4xx_it.o(.text.USART1_IRQHandler)
    USART2_IRQHandler                        0x080067a1   Thumb Code    16  stm32f4xx_it.o(.text.USART2_IRQHandler)
    USART3_IRQHandler                        0x080067b1   Thumb Code    16  stm32f4xx_it.o(.text.USART3_IRQHandler)
    USART6_IRQHandler                        0x080067c1   Thumb Code    16  stm32f4xx_it.o(.text.USART6_IRQHandler)
    UsageFault_Handler                       0x080067d1   Thumb Code     4  stm32f4xx_it.o(.text.UsageFault_Handler)
    WT101_ReceiveData                        0x080067d9   Thumb Code   448  jy61p.o(.text.WT101_ReceiveData)
    WT101_START                              0x080069ad   Thumb Code    96  jy61p.o(.text.WT101_START)
    bais_judgment                            0x08006acd   Thumb Code   848  sensor.o(.text.bais_judgment)
    bais_judgment_2Line                      0x08006e35   Thumb Code   716  sensor.o(.text.bais_judgment_2Line)
    calculate_angle_error                    0x08007101   Thumb Code   112  pid.o(.text.calculate_angle_error)
    calculate_motor_speeds                   0x08007181   Thumb Code   118  dji_motor.o(.text.calculate_motor_speeds)
    delay_ms                                 0x080071f9   Thumb Code    40  bsp_dwt.o(.text.delay_ms)
    goto_4_part_return                       0x0800773d   Thumb Code   280  route.o(.text.goto_4_part_return)
    jy61p_ReceiveData                        0x08007869   Thumb Code   388  jy61p.o(.text.jy61p_ReceiveData)
    loop_float_constrain                     0x080079f5   Thumb Code   212  user_lib.o(.text.loop_float_constrain)
    main                                     0x08007ac9   Thumb Code   274  main.o(.text.main)
    motor_angle_control                      0x08007be1   Thumb Code   304  dji_motor.o(.text.motor_angle_control)
    motor_speed_control                      0x08007d31   Thumb Code   252  dji_motor.o(.text.motor_speed_control)
    motor_stop                               0x08007e2d   Thumb Code   220  dji_motor.o(.text.motor_stop)
    rad_format                               0x08007f0d   Thumb Code    28  user_lib.o(.text.rad_format)
    read_time                                0x08007f31   Thumb Code    24  bsp_dwt.o(.text.read_time)
    scan_cross                               0x08007f4d   Thumb Code   316  sensor.o(.text.scan_cross)
    scan_cross_nostop                        0x0800808d   Thumb Code   132  sensor.o(.text.scan_cross_nostop)
    scan_line                                0x08008111   Thumb Code    80  sensor.o(.text.scan_line)
    scan_stair                               0x08008161   Thumb Code   128  chassis.o(.text.scan_stair)
    spin180                                  0x080081e5   Thumb Code    12  chassis.o(.text.spin180)
    teeterboard_270                          0x080081f5   Thumb Code   312  task.o(.text.teeterboard_270)
    track_dynamic_Speed                      0x08008345   Thumb Code    76  chassis.o(.text.track_dynamic_Speed)
    track_dynamic_Speed_2Line                0x08008399   Thumb Code    76  chassis.o(.text.track_dynamic_Speed_2Line)
    turn_left                                0x080083ed   Thumb Code   156  chassis.o(.text.turn_left)
    turn_right                               0x08008491   Thumb Code   176  chassis.o(.text.turn_right)
    up_low_stair                             0x0800859d   Thumb Code   272  task.o(.text.up_low_stair)
    updown_low_stair                         0x080086c5   Thumb Code   496  task.o(.text.updown_low_stair)
    usart2_receive                           0x080088d9   Thumb Code   132  maixcam.o(.text.usart2_receive)
    usart6_receive                           0x0800895d   Thumb Code   186  maixcam.o(.text.usart6_receive)
    usart6_send                              0x08008a19   Thumb Code    82  maixcam.o(.text.usart6_send)
    vision_init                              0x08008a6d   Thumb Code    86  task.o(.text.vision_init)
    walkspin_dynamic                         0x08008ac5   Thumb Code    68  chassis.o(.text.walkspin_dynamic)
    __ARM_fpclassify                         0x08008b0d   Thumb Code    48  fpclassify.o(i.__ARM_fpclassify)
    __hardfp_exp                             0x08008b41   Thumb Code   714  exp.o(i.__hardfp_exp)
    __kernel_poly                            0x08008e99   Thumb Code   248  poly.o(i.__kernel_poly)
    __mathlib_dbl_infnan                     0x08008f91   Thumb Code    20  dunder.o(i.__mathlib_dbl_infnan)
    __mathlib_dbl_overflow                   0x08008fa9   Thumb Code    24  dunder.o(i.__mathlib_dbl_overflow)
    __mathlib_dbl_underflow                  0x08008fc9   Thumb Code    24  dunder.o(i.__mathlib_dbl_underflow)
    __aeabi_d2f                              0x08008fe9   Thumb Code     0  d2f.o(x$fpl$d2f)
    _d2f                                     0x08008fe9   Thumb Code    98  d2f.o(x$fpl$d2f)
    __aeabi_dadd                             0x0800904d   Thumb Code     0  daddsub_clz.o(x$fpl$dadd)
    _dadd                                    0x0800904d   Thumb Code   332  daddsub_clz.o(x$fpl$dadd)
    __fpl_dcmp_Inf                           0x0800919d   Thumb Code    24  dcmpi.o(x$fpl$dcmpinf)
    __aeabi_ddiv                             0x080091b5   Thumb Code     0  ddiv.o(x$fpl$ddiv)
    _ddiv                                    0x080091b5   Thumb Code   560  ddiv.o(x$fpl$ddiv)
    __aeabi_cdcmpeq                          0x0800946d   Thumb Code     0  deqf.o(x$fpl$deqf)
    _dcmpeq                                  0x0800946d   Thumb Code   120  deqf.o(x$fpl$deqf)
    __aeabi_d2iz                             0x080094e5   Thumb Code     0  dfix.o(x$fpl$dfix)
    _dfix                                    0x080094e5   Thumb Code    94  dfix.o(x$fpl$dfix)
    __aeabi_i2d                              0x08009543   Thumb Code     0  dflt_clz.o(x$fpl$dflt)
    _dflt                                    0x08009543   Thumb Code    46  dflt_clz.o(x$fpl$dflt)
    __aeabi_cdcmpge                          0x08009571   Thumb Code     0  dgeqf.o(x$fpl$dgeqf)
    _dcmpge                                  0x08009571   Thumb Code   120  dgeqf.o(x$fpl$dgeqf)
    __aeabi_cdcmple                          0x080095e9   Thumb Code     0  dleqf.o(x$fpl$dleqf)
    _dcmple                                  0x080095e9   Thumb Code   120  dleqf.o(x$fpl$dleqf)
    __fpl_dcmple_InfNaN                      0x0800964b   Thumb Code     0  dleqf.o(x$fpl$dleqf)
    __aeabi_dmul                             0x08009661   Thumb Code     0  dmul.o(x$fpl$dmul)
    _dmul                                    0x08009661   Thumb Code   332  dmul.o(x$fpl$dmul)
    __fpl_dnaninf                            0x080097b5   Thumb Code   156  dnaninf.o(x$fpl$dnaninf)
    __fpl_dretinf                            0x08009851   Thumb Code    12  dretinf.o(x$fpl$dretinf)
    __aeabi_cdrcmple                         0x0800985d   Thumb Code     0  drleqf.o(x$fpl$drleqf)
    _drcmple                                 0x0800985d   Thumb Code   108  drleqf.o(x$fpl$drleqf)
    __aeabi_drsub                            0x080098c9   Thumb Code     0  daddsub_clz.o(x$fpl$drsb)
    _drsb                                    0x080098c9   Thumb Code    22  daddsub_clz.o(x$fpl$drsb)
    __aeabi_dsub                             0x080098e1   Thumb Code     0  daddsub_clz.o(x$fpl$dsub)
    _dsub                                    0x080098e1   Thumb Code   472  daddsub_clz.o(x$fpl$dsub)
    __aeabi_f2d                              0x08009abd   Thumb Code     0  f2d.o(x$fpl$f2d)
    _f2d                                     0x08009abd   Thumb Code    86  f2d.o(x$fpl$f2d)
    __aeabi_dcmpeq                           0x08009b13   Thumb Code     0  dcmp.o(x$fpl$fcmp)
    _deq                                     0x08009b13   Thumb Code    14  dcmp.o(x$fpl$fcmp)
    _dneq                                    0x08009b21   Thumb Code    14  dcmp.o(x$fpl$fcmp)
    __aeabi_dcmpgt                           0x08009b2f   Thumb Code     0  dcmp.o(x$fpl$fcmp)
    _dgr                                     0x08009b2f   Thumb Code    14  dcmp.o(x$fpl$fcmp)
    __aeabi_dcmpge                           0x08009b3d   Thumb Code     0  dcmp.o(x$fpl$fcmp)
    _dgeq                                    0x08009b3d   Thumb Code    14  dcmp.o(x$fpl$fcmp)
    __aeabi_dcmple                           0x08009b4b   Thumb Code     0  dcmp.o(x$fpl$fcmp)
    _dleq                                    0x08009b4b   Thumb Code    14  dcmp.o(x$fpl$fcmp)
    __aeabi_dcmplt                           0x08009b59   Thumb Code     0  dcmp.o(x$fpl$fcmp)
    _dls                                     0x08009b59   Thumb Code    14  dcmp.o(x$fpl$fcmp)
    __fpl_fnaninf                            0x08009b67   Thumb Code   140  fnaninf.o(x$fpl$fnaninf)
    _fp_init                                 0x08009bf3   Thumb Code    26  fpinit.o(x$fpl$fpinit)
    __fplib_config_fpu_vfp                   0x08009c0b   Thumb Code     0  fpinit.o(x$fpl$fpinit)
    __fplib_config_pureend_doubles           0x08009c0b   Thumb Code     0  fpinit.o(x$fpl$fpinit)
    __fpl_fretinf                            0x08009c0d   Thumb Code    10  fretinf.o(x$fpl$fretinf)
    __I$use$fp                               0x08009c16   Number         0  usenofp.o(x$fpl$usenofp)
    AHBPrescTable                            0x08009c70   Data          16  system_stm32f4xx.o(.rodata.AHBPrescTable)
    APBPrescTable                            0x08009c80   Data           8  system_stm32f4xx.o(.rodata.APBPrescTable)
    Region$$Table$$Base                      0x08009c90   Number         0  anon$$obj.o(Region$$Table)
    Region$$Table$$Limit                     0x08009cb0   Number         0  anon$$obj.o(Region$$Table)
    JY61P_SAVE_CMD                           0x20000000   Data           5  jy61p.o(.data.JY61P_SAVE_CMD)
    JY61P_ULOCK_CMD                          0x20000005   Data           5  jy61p.o(.data.JY61P_ULOCK_CMD)
    JY61P_XY0_CMD                            0x2000000a   Data           5  jy61p.o(.data.JY61P_XY0_CMD)
    JY61P_Z0_CMD                             0x2000000f   Data           5  jy61p.o(.data.JY61P_Z0_CMD)
    SystemCoreClock                          0x20000014   Data           4  system_stm32f4xx.o(.data.SystemCoreClock)
    WT101_Z0_CMD                             0x20000018   Data           5  jy61p.o(.data.WT101_Z0_CMD)
    sign                                     0x2000001d   Data           3  maixcam.o(.data.sign)
    uwTickFreq                               0x20000020   Data           1  stm32f4xx_hal.o(.data.uwTickFreq)
    uwTickPrio                               0x20000024   Data           4  stm32f4xx_hal.o(.data.uwTickPrio)
    __libspace_start                         0x20000028   Data          96  libspace.o(.bss)
    __temporary_stack_top$libspace           0x20000088   Data           0  libspace.o(.bss)
    Gimbal_Motor                             0x200000c0   Data          72  bsp_can.o(.bss.Gimbal_Motor)
    Motor1SpeedPID                           0x20000110   Data         128  pid.o(.bss.Motor1SpeedPID)
    Motor2SpeedPID                           0x20000190   Data         128  pid.o(.bss.Motor2SpeedPID)
    Motor3SpeedPID                           0x20000210   Data         128  pid.o(.bss.Motor3SpeedPID)
    Motor4SpeedPID                           0x20000290   Data         128  pid.o(.bss.Motor4SpeedPID)
    PID_YAW                                  0x20000310   Data          20  pid.o(.bss.PID_YAW)
    PID_sensor1                              0x20000324   Data          20  pid.o(.bss.PID_sensor1)
    PID_sensor2                              0x20000338   Data          20  pid.o(.bss.PID_sensor2)
    PID_sensor3                              0x2000034c   Data          20  pid.o(.bss.PID_sensor3)
    PID_straight                             0x20000360   Data          20  pid.o(.bss.PID_straight)
    Pitch                                    0x20000374   Data           4  jy61p.o(.bss.Pitch)
    Roll                                     0x20000378   Data           4  jy61p.o(.bss.Roll)
    RxData                                   0x20000392   Data           1  maixcam.o(.bss.RxData)
    RxData_101                               0x20000393   Data           1  maixcam.o(.bss.RxData_101)
    U2_RxByte                                0x200003a0   Data           1  maixcam.o(.bss.U2_RxByte)
    U2_byte_buf                              0x200003a1   Data           5  maixcam.o(.bss.U2_byte_buf)
    U3_rx_data                               0x200003a8   Data           4  maixcam.o(.bss.U3_rx_data)
    W_out                                    0x200003ac   Data           4  chassis.o(.bss.W_out)
    Yaw                                      0x200003b0   Data           4  jy61p.o(.bss.Yaw)
    bais                                     0x200003b4   Data           4  chassis.o(.bss.bais)
    chassis_motor                            0x200003c0   Data          96  bsp_can.o(.bss.chassis_motor)
    choose_cross_flag                        0x20000438   Data           1  maixcam.o(.bss.choose_cross_flag)
    hcan1                                    0x20000444   Data          40  can.o(.bss.hcan1)
    hcan2                                    0x2000046c   Data          40  can.o(.bss.hcan2)
    hdma_usart2_rx                           0x20000494   Data          96  usart.o(.bss.hdma_usart2_rx)
    htim1                                    0x200004f4   Data          72  tim.o(.bss.htim1)
    htim2                                    0x2000053c   Data          72  tim.o(.bss.htim2)
    htim3                                    0x20000584   Data          72  tim.o(.bss.htim3)
    htim4                                    0x200005cc   Data          72  tim.o(.bss.htim4)
    huart1                                   0x20000614   Data          72  usart.o(.bss.huart1)
    huart2                                   0x2000065c   Data          72  usart.o(.bss.huart2)
    huart3                                   0x200006a4   Data          72  usart.o(.bss.huart3)
    huart4                                   0x200006ec   Data          72  usart.o(.bss.huart4)
    huart5                                   0x20000734   Data          72  usart.o(.bss.huart5)
    huart6                                   0x2000077c   Data          72  usart.o(.bss.huart6)
    line                                     0x200007c4   Data          12  maixcam.o(.bss.line)
    scan_cross_flag                          0x20000856   Data           1  sensor.o(.bss.scan_cross_flag)
    scan_flag                                0x20000858   Data           4  sensor.o(.bss.scan_flag)
    upstair_low_flag                         0x2000085d   Data           1  chassis.o(.bss.upstair_low_flag)
    uwTick                                   0x20000860   Data           4  stm32f4xx_hal.o(.bss.uwTick)



==============================================================================

Memory Map of the image

  Image Entry point : 0x08000189

  Load Region LR_IROM1 (Base: 0x08000000, Size: 0x00009cd8, Max: 0x00080000, ABSOLUTE)

    Execution Region ER_IROM1 (Exec base: 0x08000000, Load base: 0x08000000, Size: 0x00009cb0, Max: 0x00080000, ABSOLUTE)

    Exec Addr    Load Addr    Size         Type   Attr      Idx    E Section Name        Object

    0x08000000   0x08000000   0x00000188   Data   RO            3    RESET               startup_stm32f407xx.o
    0x08000188   0x08000188   0x00000008   Code   RO         3757  * !!!main             c_w.l(__main.o)
    0x08000190   0x08000190   0x0000005c   Code   RO         4128    !!!scatter          c_w.l(__scatter.o)
    0x080001ec   0x080001ec   0x0000001a   Code   RO         4132    !!handler_copy      c_w.l(__scatter_copy.o)
    0x08000206   0x08000206   0x00000002   PAD
    0x08000208   0x08000208   0x00000002   Code   RO         4129    !!handler_null      c_w.l(__scatter.o)
    0x0800020a   0x0800020a   0x00000002   PAD
    0x0800020c   0x0800020c   0x0000001c   Code   RO         4134    !!handler_zi        c_w.l(__scatter_zi.o)
    0x08000228   0x08000228   0x00000002   Code   RO         3993    .ARM.Collect$$libinit$$00000000  c_w.l(libinit.o)
    0x0800022a   0x0800022a   0x00000004   Code   RO         4002    .ARM.Collect$$libinit$$00000001  c_w.l(libinit2.o)
    0x0800022e   0x0800022e   0x00000000   Code   RO         4005    .ARM.Collect$$libinit$$00000004  c_w.l(libinit2.o)
    0x0800022e   0x0800022e   0x00000000   Code   RO         4007    .ARM.Collect$$libinit$$00000006  c_w.l(libinit2.o)
    0x0800022e   0x0800022e   0x00000000   Code   RO         4010    .ARM.Collect$$libinit$$0000000C  c_w.l(libinit2.o)
    0x0800022e   0x0800022e   0x00000000   Code   RO         4012    .ARM.Collect$$libinit$$0000000E  c_w.l(libinit2.o)
    0x0800022e   0x0800022e   0x00000000   Code   RO         4014    .ARM.Collect$$libinit$$00000010  c_w.l(libinit2.o)
    0x0800022e   0x0800022e   0x00000000   Code   RO         4017    .ARM.Collect$$libinit$$00000013  c_w.l(libinit2.o)
    0x0800022e   0x0800022e   0x00000000   Code   RO         4019    .ARM.Collect$$libinit$$00000015  c_w.l(libinit2.o)
    0x0800022e   0x0800022e   0x00000000   Code   RO         4021    .ARM.Collect$$libinit$$00000017  c_w.l(libinit2.o)
    0x0800022e   0x0800022e   0x00000000   Code   RO         4023    .ARM.Collect$$libinit$$00000019  c_w.l(libinit2.o)
    0x0800022e   0x0800022e   0x00000000   Code   RO         4025    .ARM.Collect$$libinit$$0000001B  c_w.l(libinit2.o)
    0x0800022e   0x0800022e   0x00000000   Code   RO         4027    .ARM.Collect$$libinit$$0000001D  c_w.l(libinit2.o)
    0x0800022e   0x0800022e   0x00000000   Code   RO         4029    .ARM.Collect$$libinit$$0000001F  c_w.l(libinit2.o)
    0x0800022e   0x0800022e   0x00000000   Code   RO         4031    .ARM.Collect$$libinit$$00000021  c_w.l(libinit2.o)
    0x0800022e   0x0800022e   0x00000000   Code   RO         4033    .ARM.Collect$$libinit$$00000023  c_w.l(libinit2.o)
    0x0800022e   0x0800022e   0x00000000   Code   RO         4035    .ARM.Collect$$libinit$$00000025  c_w.l(libinit2.o)
    0x0800022e   0x0800022e   0x00000000   Code   RO         4037    .ARM.Collect$$libinit$$00000027  c_w.l(libinit2.o)
    0x0800022e   0x0800022e   0x00000000   Code   RO         4041    .ARM.Collect$$libinit$$0000002E  c_w.l(libinit2.o)
    0x0800022e   0x0800022e   0x00000000   Code   RO         4043    .ARM.Collect$$libinit$$00000030  c_w.l(libinit2.o)
    0x0800022e   0x0800022e   0x00000000   Code   RO         4045    .ARM.Collect$$libinit$$00000032  c_w.l(libinit2.o)
    0x0800022e   0x0800022e   0x00000000   Code   RO         4047    .ARM.Collect$$libinit$$00000034  c_w.l(libinit2.o)
    0x0800022e   0x0800022e   0x00000002   Code   RO         4048    .ARM.Collect$$libinit$$00000035  c_w.l(libinit2.o)
    0x08000230   0x08000230   0x00000002   Code   RO         4083    .ARM.Collect$$libshutdown$$00000000  c_w.l(libshutdown.o)
    0x08000232   0x08000232   0x00000000   Code   RO         4111    .ARM.Collect$$libshutdown$$00000002  c_w.l(libshutdown2.o)
    0x08000232   0x08000232   0x00000000   Code   RO         4113    .ARM.Collect$$libshutdown$$00000004  c_w.l(libshutdown2.o)
    0x08000232   0x08000232   0x00000000   Code   RO         4116    .ARM.Collect$$libshutdown$$00000007  c_w.l(libshutdown2.o)
    0x08000232   0x08000232   0x00000000   Code   RO         4119    .ARM.Collect$$libshutdown$$0000000A  c_w.l(libshutdown2.o)
    0x08000232   0x08000232   0x00000000   Code   RO         4121    .ARM.Collect$$libshutdown$$0000000C  c_w.l(libshutdown2.o)
    0x08000232   0x08000232   0x00000000   Code   RO         4124    .ARM.Collect$$libshutdown$$0000000F  c_w.l(libshutdown2.o)
    0x08000232   0x08000232   0x00000002   Code   RO         4125    .ARM.Collect$$libshutdown$$00000010  c_w.l(libshutdown2.o)
    0x08000234   0x08000234   0x00000000   Code   RO         3868    .ARM.Collect$$rtentry$$00000000  c_w.l(__rtentry.o)
    0x08000234   0x08000234   0x00000000   Code   RO         3948    .ARM.Collect$$rtentry$$00000002  c_w.l(__rtentry2.o)
    0x08000234   0x08000234   0x00000006   Code   RO         3960    .ARM.Collect$$rtentry$$00000004  c_w.l(__rtentry4.o)
    0x0800023a   0x0800023a   0x00000000   Code   RO         3950    .ARM.Collect$$rtentry$$00000009  c_w.l(__rtentry2.o)
    0x0800023a   0x0800023a   0x00000004   Code   RO         3951    .ARM.Collect$$rtentry$$0000000A  c_w.l(__rtentry2.o)
    0x0800023e   0x0800023e   0x00000000   Code   RO         3953    .ARM.Collect$$rtentry$$0000000C  c_w.l(__rtentry2.o)
    0x0800023e   0x0800023e   0x00000008   Code   RO         3954    .ARM.Collect$$rtentry$$0000000D  c_w.l(__rtentry2.o)
    0x08000246   0x08000246   0x00000002   Code   RO         3994    .ARM.Collect$$rtexit$$00000000  c_w.l(rtexit.o)
    0x08000248   0x08000248   0x00000000   Code   RO         4054    .ARM.Collect$$rtexit$$00000002  c_w.l(rtexit2.o)
    0x08000248   0x08000248   0x00000004   Code   RO         4055    .ARM.Collect$$rtexit$$00000003  c_w.l(rtexit2.o)
    0x0800024c   0x0800024c   0x00000006   Code   RO         4056    .ARM.Collect$$rtexit$$00000004  c_w.l(rtexit2.o)
    0x08000252   0x08000252   0x00000002   PAD
    0x08000254   0x08000254   0x00000040   Code   RO            4    .text               startup_stm32f407xx.o
    0x08000294   0x08000294   0x000000f0   Code   RO         3741    .text               c_w.l(lludivv7m.o)
    0x08000384   0x08000384   0x0000003e   Code   RO         3745    .text               c_w.l(strlen.o)
    0x080003c2   0x080003c2   0x0000004e   Code   RO         3753    .text               c_w.l(rt_memclr_w.o)
    0x08000410   0x08000410   0x00000006   Code   RO         3755    .text               c_w.l(heapauxi.o)
    0x08000416   0x08000416   0x00000016   Code   RO         3873    .text               c_w.l(_rserrno.o)
    0x0800042c   0x0800042c   0x00000008   Code   RO         3967    .text               c_w.l(rt_errno_addr_intlibspace.o)
    0x08000434   0x08000434   0x00000008   Code   RO         3977    .text               c_w.l(libspace.o)
    0x0800043c   0x0800043c   0x0000004a   Code   RO         3980    .text               c_w.l(sys_stackheap_outer.o)
    0x08000486   0x08000486   0x00000012   Code   RO         3982    .text               c_w.l(exit.o)
    0x08000498   0x08000498   0x0000000c   Code   RO         4049    .text               c_w.l(sys_exit.o)
    0x080004a4   0x080004a4   0x00000002   Code   RO         4072    .text               c_w.l(use_no_semi.o)
    0x080004a6   0x080004a6   0x00000000   Code   RO         4074    .text               c_w.l(indicate_semi.o)
    0x080004a6   0x080004a6   0x00000002   PAD
    0x080004a8   0x080004a8   0x0000004c   Code   RO         1355    .text.Angle1        arm.o
    0x080004f4   0x080004f4   0x0000004c   Code   RO         1357    .text.Angle2        arm.o
    0x08000540   0x08000540   0x0000002a   Code   RO         1351    .text.Arm_Init      arm.o
    0x0800056a   0x0800056a   0x00000002   PAD
    0x0800056c   0x0800056c   0x0000001c   Code   RO         1353    .text.Arm_up        arm.o
    0x08000588   0x08000588   0x00000004   Code   RO          125    .text.BusFault_Handler  stm32f4xx_it.o
    0x0800058c   0x0800058c   0x00000010   Code   RO          139    .text.CAN1_RX0_IRQHandler  stm32f4xx_it.o
    0x0800059c   0x0800059c   0x00000010   Code   RO          153    .text.CAN2_RX0_IRQHandler  stm32f4xx_it.o
    0x080005ac   0x080005ac   0x00000010   Code   RO          155    .text.CAN2_RX1_IRQHandler  stm32f4xx_it.o
    0x080005bc   0x080005bc   0x00000064   Code   RO         1424    .text.CAN_Config    bsp_can.o
    0x08000620   0x08000620   0x00000076   Code   RO         1432    .text.CAN_cmd_chassis  bsp_can.o
    0x08000696   0x08000696   0x00000002   PAD
    0x08000698   0x08000698   0x00000010   Code   RO          137    .text.DMA1_Stream5_IRQHandler  stm32f4xx_it.o
    0x080006a8   0x080006a8   0x00000056   Code   RO          432    .text.DMA_CalcBaseAndBitshift  stm32f4xx_hal_dma.o
    0x080006fe   0x080006fe   0x00000002   PAD
    0x08000700   0x08000700   0x000000f0   Code   RO          430    .text.DMA_CheckFifoParam  stm32f4xx_hal_dma.o
    0x080007f0   0x080007f0   0x000000e8   Code   RO         1326    .text.DMMotorDecode  dm_motor.o
    0x080008d8   0x080008d8   0x00000040   Code   RO         1456    .text.DWT_CNT_Update  bsp_dwt.o
    0x08000918   0x08000918   0x00000058   Code   RO         1468    .text.DWT_Delay     bsp_dwt.o
    0x08000970   0x08000970   0x0000004c   Code   RO         1454    .text.DWT_GetDeltaT  bsp_dwt.o
    0x080009bc   0x080009bc   0x00000058   Code   RO         1462    .text.DWT_GetTimeline_s  bsp_dwt.o
    0x08000a14   0x08000a14   0x00000088   Code   RO         1452    .text.DWT_Init      bsp_dwt.o
    0x08000a9c   0x08000a9c   0x000000fc   Code   RO         1460    .text.DWT_SysTimeUpdate  bsp_dwt.o
    0x08000b98   0x08000b98   0x00000002   Code   RO          131    .text.DebugMon_Handler  stm32f4xx_it.o
    0x08000b9a   0x08000b9a   0x00000002   PAD
    0x08000b9c   0x08000b9c   0x00000006   Code   RO           15    .text.Error_Handler  main.o
    0x08000ba2   0x08000ba2   0x00000002   PAD
    0x08000ba4   0x08000ba4   0x00000052   Code   RO          209    .text.HAL_CAN_ActivateNotification  stm32f4xx_hal_can.o
    0x08000bf6   0x08000bf6   0x00000002   PAD
    0x08000bf8   0x08000bf8   0x00000156   Code   RO          195    .text.HAL_CAN_AddTxMessage  stm32f4xx_hal_can.o
    0x08000d4e   0x08000d4e   0x00000002   PAD
    0x08000d50   0x08000d50   0x000001a4   Code   RO          185    .text.HAL_CAN_ConfigFilter  stm32f4xx_hal_can.o
    0x08000ef4   0x08000ef4   0x00000008   Code   RO          239    .text.HAL_CAN_ErrorCallback  stm32f4xx_hal_can.o
    0x08000efc   0x08000efc   0x00000212   Code   RO          205    .text.HAL_CAN_GetRxMessage  stm32f4xx_hal_can.o
    0x0800110e   0x0800110e   0x00000002   PAD
    0x08001110   0x08001110   0x000003f2   Code   RO          213    .text.HAL_CAN_IRQHandler  stm32f4xx_hal_can.o
    0x08001502   0x08001502   0x00000002   PAD
    0x08001504   0x08001504   0x000001de   Code   RO          175    .text.HAL_CAN_Init  stm32f4xx_hal_can.o
    0x080016e2   0x080016e2   0x00000002   PAD
    0x080016e4   0x080016e4   0x0000019a   Code   RO           38    .text.HAL_CAN_MspInit  can.o
    0x0800187e   0x0800187e   0x00000002   PAD
    0x08001880   0x08001880   0x00000008   Code   RO          227    .text.HAL_CAN_RxFifo0FullCallback  stm32f4xx_hal_can.o
    0x08001888   0x08001888   0x000000cc   Code   RO         1426    .text.HAL_CAN_RxFifo0MsgPendingCallback  bsp_can.o
    0x08001954   0x08001954   0x00000008   Code   RO          231    .text.HAL_CAN_RxFifo1FullCallback  stm32f4xx_hal_can.o
    0x0800195c   0x0800195c   0x00000008   Code   RO          233    .text.HAL_CAN_RxFifo1MsgPendingCallback  stm32f4xx_hal_can.o
    0x08001964   0x08001964   0x00000008   Code   RO          235    .text.HAL_CAN_SleepCallback  stm32f4xx_hal_can.o
    0x0800196c   0x0800196c   0x0000008a   Code   RO          187    .text.HAL_CAN_Start  stm32f4xx_hal_can.o
    0x080019f6   0x080019f6   0x00000002   PAD
    0x080019f8   0x080019f8   0x00000008   Code   RO          217    .text.HAL_CAN_TxMailbox0AbortCallback  stm32f4xx_hal_can.o
    0x08001a00   0x08001a00   0x00000008   Code   RO          215    .text.HAL_CAN_TxMailbox0CompleteCallback  stm32f4xx_hal_can.o
    0x08001a08   0x08001a08   0x00000008   Code   RO          221    .text.HAL_CAN_TxMailbox1AbortCallback  stm32f4xx_hal_can.o
    0x08001a10   0x08001a10   0x00000008   Code   RO          219    .text.HAL_CAN_TxMailbox1CompleteCallback  stm32f4xx_hal_can.o
    0x08001a18   0x08001a18   0x00000008   Code   RO          225    .text.HAL_CAN_TxMailbox2AbortCallback  stm32f4xx_hal_can.o
    0x08001a20   0x08001a20   0x00000008   Code   RO          223    .text.HAL_CAN_TxMailbox2CompleteCallback  stm32f4xx_hal_can.o
    0x08001a28   0x08001a28   0x00000008   Code   RO          237    .text.HAL_CAN_WakeUpFromRxMsgCallback  stm32f4xx_hal_can.o
    0x08001a30   0x08001a30   0x000000ec   Code   RO          442    .text.HAL_DMA_Abort  stm32f4xx_hal_dma.o
    0x08001b1c   0x08001b1c   0x00000044   Code   RO          444    .text.HAL_DMA_Abort_IT  stm32f4xx_hal_dma.o
    0x08001b60   0x08001b60   0x0000031e   Code   RO          448    .text.HAL_DMA_IRQHandler  stm32f4xx_hal_dma.o
    0x08001e7e   0x08001e7e   0x00000002   PAD
    0x08001e80   0x08001e80   0x0000016e   Code   RO          428    .text.HAL_DMA_Init  stm32f4xx_hal_dma.o
    0x08001fee   0x08001fee   0x00000002   PAD
    0x08001ff0   0x08001ff0   0x00000042   Code   RO          623    .text.HAL_Delay     stm32f4xx_hal.o
    0x08002032   0x08002032   0x00000002   PAD
    0x08002034   0x08002034   0x000003b6   Code   RO          390    .text.HAL_GPIO_Init  stm32f4xx_hal_gpio.o
    0x080023ea   0x080023ea   0x00000002   PAD
    0x080023ec   0x080023ec   0x0000002e   Code   RO          394    .text.HAL_GPIO_ReadPin  stm32f4xx_hal_gpio.o
    0x0800241a   0x0800241a   0x00000002   PAD
    0x0800241c   0x0800241c   0x0000002e   Code   RO          396    .text.HAL_GPIO_WritePin  stm32f4xx_hal_gpio.o
    0x0800244a   0x0800244a   0x00000002   PAD
    0x0800244c   0x0800244c   0x0000000c   Code   RO          615    .text.HAL_GetTick   stm32f4xx_hal.o
    0x08002458   0x08002458   0x0000001a   Code   RO          613    .text.HAL_IncTick   stm32f4xx_hal.o
    0x08002472   0x08002472   0x00000002   PAD
    0x08002474   0x08002474   0x00000036   Code   RO          603    .text.HAL_Init      stm32f4xx_hal.o
    0x080024aa   0x080024aa   0x00000002   PAD
    0x080024ac   0x080024ac   0x00000070   Code   RO          605    .text.HAL_InitTick  stm32f4xx_hal.o
    0x0800251c   0x0800251c   0x0000004a   Code   RO          166    .text.HAL_MspInit   stm32f4xx_hal_msp.o
    0x08002566   0x08002566   0x00000002   PAD
    0x08002568   0x08002568   0x00000014   Code   RO          538    .text.HAL_NVIC_EnableIRQ  stm32f4xx_hal_cortex.o
    0x0800257c   0x0800257c   0x00000032   Code   RO          530    .text.HAL_NVIC_SetPriority  stm32f4xx_hal_cortex.o
    0x080025ae   0x080025ae   0x00000002   PAD
    0x080025b0   0x080025b0   0x00000010   Code   RO          526    .text.HAL_NVIC_SetPriorityGrouping  stm32f4xx_hal_cortex.o
    0x080025c0   0x080025c0   0x00000262   Code   RO          258    .text.HAL_RCC_ClockConfig  stm32f4xx_hal_rcc.o
    0x08002822   0x08002822   0x00000002   PAD
    0x08002824   0x08002824   0x0000000c   Code   RO          268    .text.HAL_RCC_GetHCLKFreq  stm32f4xx_hal_rcc.o
    0x08002830   0x08002830   0x00000022   Code   RO          270    .text.HAL_RCC_GetPCLK1Freq  stm32f4xx_hal_rcc.o
    0x08002852   0x08002852   0x00000002   PAD
    0x08002854   0x08002854   0x00000022   Code   RO          272    .text.HAL_RCC_GetPCLK2Freq  stm32f4xx_hal_rcc.o
    0x08002876   0x08002876   0x00000002   PAD
    0x08002878   0x08002878   0x000000e6   Code   RO          260    .text.HAL_RCC_GetSysClockFreq  stm32f4xx_hal_rcc.o
    0x0800295e   0x0800295e   0x00000002   PAD
    0x08002960   0x08002960   0x000006be   Code   RO          256    .text.HAL_RCC_OscConfig  stm32f4xx_hal_rcc.o
    0x0800301e   0x0800301e   0x00000002   PAD
    0x08003020   0x08003020   0x00000010   Code   RO          550    .text.HAL_SYSTICK_Config  stm32f4xx_hal_cortex.o
    0x08003030   0x08003030   0x00000008   Code   RO         1015    .text.HAL_TIMEx_BreakCallback  stm32f4xx_hal_tim_ex.o
    0x08003038   0x08003038   0x00000008   Code   RO         1011    .text.HAL_TIMEx_CommutCallback  stm32f4xx_hal_tim_ex.o
    0x08003040   0x08003040   0x000000b2   Code   RO         1007    .text.HAL_TIMEx_ConfigBreakDeadTime  stm32f4xx_hal_tim_ex.o
    0x080030f2   0x080030f2   0x00000002   PAD
    0x080030f4   0x080030f4   0x00000122   Code   RO         1005    .text.HAL_TIMEx_MasterConfigSynchronization  stm32f4xx_hal_tim_ex.o
    0x08003216   0x08003216   0x00000002   PAD
    0x08003218   0x08003218   0x0000009c   Code   RO          692    .text.HAL_TIM_Base_Init  stm32f4xx_hal_tim.o
    0x080032b4   0x080032b4   0x000000ce   Code   RO           72    .text.HAL_TIM_Base_MspInit  tim.o
    0x08003382   0x08003382   0x00000002   PAD
    0x08003384   0x08003384   0x000000f6   Code   RO          706    .text.HAL_TIM_Base_Start_IT  stm32f4xx_hal_tim.o
    0x0800347a   0x0800347a   0x00000002   PAD
    0x0800347c   0x0800347c   0x00000184   Code   RO          884    .text.HAL_TIM_ConfigClockSource  stm32f4xx_hal_tim.o
    0x08003600   0x08003600   0x00000008   Code   RO          828    .text.HAL_TIM_IC_CaptureCallback  stm32f4xx_hal_tim.o
    0x08003608   0x08003608   0x0000021a   Code   RO          826    .text.HAL_TIM_IRQHandler  stm32f4xx_hal_tim.o
    0x08003822   0x08003822   0x00000002   PAD
    0x08003824   0x08003824   0x00000116   Code   RO           62    .text.HAL_TIM_MspPostInit  tim.o
    0x0800393a   0x0800393a   0x00000002   PAD
    0x0800393c   0x0800393c   0x00000008   Code   RO          830    .text.HAL_TIM_OC_DelayElapsedCallback  stm32f4xx_hal_tim.o
    0x08003944   0x08003944   0x00000142   Code   RO          858    .text.HAL_TIM_PWM_ConfigChannel  stm32f4xx_hal_tim.o
    0x08003a86   0x08003a86   0x00000002   PAD
    0x08003a88   0x08003a88   0x0000009c   Code   RO          746    .text.HAL_TIM_PWM_Init  stm32f4xx_hal_tim.o
    0x08003b24   0x08003b24   0x0000003c   Code   RO           70    .text.HAL_TIM_PWM_MspInit  tim.o
    0x08003b60   0x08003b60   0x00000008   Code   RO          832    .text.HAL_TIM_PWM_PulseFinishedCallback  stm32f4xx_hal_tim.o
    0x08003b68   0x08003b68   0x000001ca   Code   RO          754    .text.HAL_TIM_PWM_Start  stm32f4xx_hal_tim.o
    0x08003d32   0x08003d32   0x00000002   PAD
    0x08003d34   0x08003d34   0x00000028   Code   RO         1387    .text.HAL_TIM_PeriodElapsedCallback  maixcam.o
    0x08003d5c   0x08003d5c   0x00000008   Code   RO          836    .text.HAL_TIM_TriggerCallback  stm32f4xx_hal_tim.o
    0x08003d64   0x08003d64   0x0000000c   Code   RO         1120    .text.HAL_UARTEx_RxEventCallback  stm32f4xx_hal_uart.o
    0x08003d70   0x08003d70   0x00000088   Code   RO         1389    .text.HAL_UART_ErrorCallback  maixcam.o
    0x08003df8   0x08003df8   0x0000042c   Code   RO         1112    .text.HAL_UART_IRQHandler  stm32f4xx_hal_uart.o
    0x08004224   0x08004224   0x0000009e   Code   RO         1028    .text.HAL_UART_Init  stm32f4xx_hal_uart.o
    0x080042c2   0x080042c2   0x00000002   PAD
    0x080042c4   0x080042c4   0x0000040e   Code   RO          101    .text.HAL_UART_MspInit  usart.o
    0x080046d2   0x080046d2   0x00000002   PAD
    0x080046d4   0x080046d4   0x00000056   Code   RO         1052    .text.HAL_UART_Receive_IT  stm32f4xx_hal_uart.o
    0x0800472a   0x0800472a   0x00000002   PAD
    0x0800472c   0x0800472c   0x00000218   Code   RO         1379    .text.HAL_UART_RxCpltCallback  maixcam.o
    0x08004944   0x08004944   0x00000130   Code   RO         1044    .text.HAL_UART_Transmit  stm32f4xx_hal_uart.o
    0x08004a74   0x08004a74   0x00000008   Code   RO         1126    .text.HAL_UART_TxCpltCallback  stm32f4xx_hal_uart.o
    0x08004a7c   0x08004a7c   0x00000062   Code   RO         1369    .text.Hal_Uart_Init  maixcam.o
    0x08004ade   0x08004ade   0x00000002   PAD
    0x08004ae0   0x08004ae0   0x00000004   Code   RO          121    .text.HardFault_Handler  stm32f4xx_it.o
    0x08004ae4   0x08004ae4   0x00000078   Code   RO         1199    .text.JY61P_START   jy61p.o
    0x08004b5c   0x08004b5c   0x0000004e   Code   RO           34    .text.MX_CAN1_Init  can.o
    0x08004baa   0x08004baa   0x00000002   PAD
    0x08004bac   0x08004bac   0x0000004e   Code   RO           36    .text.MX_CAN2_Init  can.o
    0x08004bfa   0x08004bfa   0x00000002   PAD
    0x08004bfc   0x08004bfc   0x0000003c   Code   RO           52    .text.MX_DMA_Init   dma.o
    0x08004c38   0x08004c38   0x00000188   Code   RO           26    .text.MX_GPIO_Init  gpio.o
    0x08004dc0   0x08004dc0   0x000000e0   Code   RO           60    .text.MX_TIM1_Init  tim.o
    0x08004ea0   0x08004ea0   0x000000d4   Code   RO           64    .text.MX_TIM2_Init  tim.o
    0x08004f74   0x08004f74   0x00000084   Code   RO           66    .text.MX_TIM3_Init  tim.o
    0x08004ff8   0x08004ff8   0x000000da   Code   RO           68    .text.MX_TIM4_Init  tim.o
    0x080050d2   0x080050d2   0x00000002   PAD
    0x080050d4   0x080050d4   0x00000040   Code   RO           89    .text.MX_UART4_Init  usart.o
    0x08005114   0x08005114   0x00000040   Code   RO           91    .text.MX_UART5_Init  usart.o
    0x08005154   0x08005154   0x00000040   Code   RO           93    .text.MX_USART1_UART_Init  usart.o
    0x08005194   0x08005194   0x00000040   Code   RO           95    .text.MX_USART2_UART_Init  usart.o
    0x080051d4   0x080051d4   0x00000040   Code   RO           97    .text.MX_USART3_UART_Init  usart.o
    0x08005214   0x08005214   0x00000040   Code   RO           99    .text.MX_USART6_UART_Init  usart.o
    0x08005254   0x08005254   0x00000004   Code   RO          123    .text.MemManage_Handler  stm32f4xx_it.o
    0x08005258   0x08005258   0x00000004   Code   RO          119    .text.NMI_Handler   stm32f4xx_it.o
    0x0800525c   0x0800525c   0x0000006c   Code   RO          536    .text.NVIC_EncodePriority  stm32f4xx_hal_cortex.o
    0x080052c8   0x080052c8   0x000001bc   Code   RO         1497    .text.PIDCalculate  pid.o
    0x08005484   0x08005484   0x00000058   Code   RO         1493    .text.PIDInit       pid.o
    0x080054dc   0x080054dc   0x000000c6   Code   RO         1519    .text.PID_Angle_Position  pid.o
    0x080055a2   0x080055a2   0x00000002   PAD
    0x080055a4   0x080055a4   0x0000006c   Code   RO         1495    .text.PID_Init      pid.o
    0x08005610   0x08005610   0x000000c4   Code   RO         1517    .text.PID_Position  pid.o
    0x080056d4   0x080056d4   0x00000002   Code   RO          133    .text.PendSV_Handler  stm32f4xx_it.o
    0x080056d6   0x080056d6   0x00000002   PAD
    0x080056d8   0x080056d8   0x00000002   Code   RO          129    .text.SVC_Handler   stm32f4xx_it.o
    0x080056da   0x080056da   0x00000006   PAD
    0x080056e0   0x080056e0   0x000000ec   Code   RO         1594    .text.S_regulate_Ctl  chassis.o
    0x080057cc   0x080057cc   0x00000004   PAD
    0x080057d0   0x080057d0   0x000000e0   Code   RO         1596    .text.S_regulate_track  chassis.o
    0x080058b0   0x080058b0   0x000000e0   Code   RO         1610    .text.S_regulate_track2Line  chassis.o
    0x08005990   0x08005990   0x000000e8   Code   RO         1602    .text.S_regulate_walkspin  chassis.o
    0x08005a78   0x08005a78   0x00000052   Code   RO          552    .text.SysTick_Config  stm32f4xx_hal_cortex.o
    0x08005aca   0x08005aca   0x00000002   PAD
    0x08005acc   0x08005acc   0x00000008   Code   RO          135    .text.SysTick_Handler  stm32f4xx_it.o
    0x08005ad4   0x08005ad4   0x000000ba   Code   RO           13    .text.SystemClock_Config  main.o
    0x08005b8e   0x08005b8e   0x00000002   PAD
    0x08005b90   0x08005b90   0x00000012   Code   RO         1159    .text.SystemInit    system_stm32f4xx.o
    0x08005ba2   0x08005ba2   0x00000002   PAD
    0x08005ba4   0x08005ba4   0x00000010   Code   RO          141    .text.TIM2_IRQHandler  stm32f4xx_it.o
    0x08005bb4   0x08005bb4   0x00000010   Code   RO          143    .text.TIM3_IRQHandler  stm32f4xx_it.o
    0x08005bc4   0x08005bc4   0x000001b0   Code   RO          696    .text.TIM_Base_SetConfig  stm32f4xx_hal_tim.o
    0x08005d74   0x08005d74   0x00000036   Code   RO          730    .text.TIM_CCxChannelCmd  stm32f4xx_hal_tim.o
    0x08005daa   0x08005daa   0x00000002   PAD
    0x08005dac   0x08005dac   0x00000034   Code   RO          882    .text.TIM_ETR_SetConfig  stm32f4xx_hal_tim.o
    0x08005de0   0x08005de0   0x0000002a   Code   RO          888    .text.TIM_ITRx_SetConfig  stm32f4xx_hal_tim.o
    0x08005e0a   0x08005e0a   0x00000002   PAD
    0x08005e0c   0x08005e0c   0x000000ea   Code   RO          840    .text.TIM_OC1_SetConfig  stm32f4xx_hal_tim.o
    0x08005ef6   0x08005ef6   0x00000002   PAD
    0x08005ef8   0x08005ef8   0x000000f4   Code   RO          842    .text.TIM_OC2_SetConfig  stm32f4xx_hal_tim.o
    0x08005fec   0x08005fec   0x000000f2   Code   RO          844    .text.TIM_OC3_SetConfig  stm32f4xx_hal_tim.o
    0x080060de   0x080060de   0x00000002   PAD
    0x080060e0   0x080060e0   0x000000a4   Code   RO          846    .text.TIM_OC4_SetConfig  stm32f4xx_hal_tim.o
    0x08006184   0x08006184   0x00000050   Code   RO          886    .text.TIM_TI1_ConfigInputStage  stm32f4xx_hal_tim.o
    0x080061d4   0x080061d4   0x00000052   Code   RO          890    .text.TIM_TI2_ConfigInputStage  stm32f4xx_hal_tim.o
    0x08006226   0x08006226   0x00000002   PAD
    0x08006228   0x08006228   0x00000010   Code   RO          151    .text.UART4_IRQHandler  stm32f4xx_it.o
    0x08006238   0x08006238   0x00000020   Code   RO         1116    .text.UART_DMAAbortOnError  stm32f4xx_hal_uart.o
    0x08006258   0x08006258   0x00000094   Code   RO         1076    .text.UART_EndRxTransfer  stm32f4xx_hal_uart.o
    0x080062ec   0x080062ec   0x00000026   Code   RO         1124    .text.UART_EndTransmit_IT  stm32f4xx_hal_uart.o
    0x08006312   0x08006312   0x00000002   PAD
    0x08006314   0x08006314   0x0000016a   Code   RO         1114    .text.UART_Receive_IT  stm32f4xx_hal_uart.o
    0x0800647e   0x0800647e   0x00000002   PAD
    0x08006480   0x08006480   0x0000013a   Code   RO         1032    .text.UART_SetConfig  stm32f4xx_hal_uart.o
    0x080065ba   0x080065ba   0x00000002   PAD
    0x080065bc   0x080065bc   0x00000062   Code   RO         1054    .text.UART_Start_Receive_IT  stm32f4xx_hal_uart.o
    0x0800661e   0x0800661e   0x00000002   PAD
    0x08006620   0x08006620   0x00000094   Code   RO         1122    .text.UART_Transmit_IT  stm32f4xx_hal_uart.o
    0x080066b4   0x080066b4   0x000000da   Code   RO         1046    .text.UART_WaitOnFlagUntilTimeout  stm32f4xx_hal_uart.o
    0x0800678e   0x0800678e   0x00000002   PAD
    0x08006790   0x08006790   0x00000010   Code   RO          145    .text.USART1_IRQHandler  stm32f4xx_it.o
    0x080067a0   0x080067a0   0x00000010   Code   RO          147    .text.USART2_IRQHandler  stm32f4xx_it.o
    0x080067b0   0x080067b0   0x00000010   Code   RO          149    .text.USART3_IRQHandler  stm32f4xx_it.o
    0x080067c0   0x080067c0   0x00000010   Code   RO          157    .text.USART6_IRQHandler  stm32f4xx_it.o
    0x080067d0   0x080067d0   0x00000004   Code   RO          127    .text.UsageFault_Handler  stm32f4xx_it.o
    0x080067d4   0x080067d4   0x00000004   PAD
    0x080067d8   0x080067d8   0x000001d4   Code   RO         1195    .text.WT101_ReceiveData  jy61p.o
    0x080069ac   0x080069ac   0x00000060   Code   RO         1201    .text.WT101_START   jy61p.o
    0x08006a0c   0x08006a0c   0x00000030   Code   RO          540    .text.__NVIC_EnableIRQ  stm32f4xx_hal_cortex.o
    0x08006a3c   0x08006a3c   0x00000010   Code   RO          532    .text.__NVIC_GetPriorityGrouping  stm32f4xx_hal_cortex.o
    0x08006a4c   0x08006a4c   0x00000042   Code   RO          534    .text.__NVIC_SetPriority  stm32f4xx_hal_cortex.o
    0x08006a8e   0x08006a8e   0x00000002   PAD
    0x08006a90   0x08006a90   0x0000003c   Code   RO          528    .text.__NVIC_SetPriorityGrouping  stm32f4xx_hal_cortex.o
    0x08006acc   0x08006acc   0x00000368   Code   RO         1272    .text.bais_judgment  sensor.o
    0x08006e34   0x08006e34   0x000002cc   Code   RO         1274    .text.bais_judgment_2Line  sensor.o
    0x08007100   0x08007100   0x00000080   Code   RO         1515    .text.calculate_angle_error  pid.o
    0x08007180   0x08007180   0x00000076   Code   RO         1173    .text.calculate_motor_speeds  dji_motor.o
    0x080071f6   0x080071f6   0x00000002   PAD
    0x080071f8   0x080071f8   0x0000002c   Code   RO         1470    .text.delay_ms      bsp_dwt.o
    0x08007224   0x08007224   0x00000096   Code   RO         1503    .text.f_Changing_Integration_Rate  pid.o
    0x080072ba   0x080072ba   0x00000002   PAD
    0x080072bc   0x080072bc   0x00000036   Code   RO         1507    .text.f_Derivative_Filter  pid.o
    0x080072f2   0x080072f2   0x00000002   PAD
    0x080072f4   0x080072f4   0x0000002a   Code   RO         1505    .text.f_Derivative_On_Measurement  pid.o
    0x0800731e   0x0800731e   0x00000002   PAD
    0x08007320   0x08007320   0x000000e6   Code   RO         1509    .text.f_Integral_Limit  pid.o
    0x08007406   0x08007406   0x00000002   PAD
    0x08007408   0x08007408   0x00000036   Code   RO         1511    .text.f_Output_Filter  pid.o
    0x0800743e   0x0800743e   0x00000002   PAD
    0x08007440   0x08007440   0x00000050   Code   RO         1513    .text.f_Output_Limit  pid.o
    0x08007490   0x08007490   0x000000b4   Code   RO         1499    .text.f_PID_ErrorHandle  pid.o
    0x08007544   0x08007544   0x00000032   Code   RO         1501    .text.f_Trapezoid_Intergral  pid.o
    0x08007576   0x08007576   0x00000002   PAD
    0x08007578   0x08007578   0x00000042   Code   RO         1428    .text.get_motor_measure  bsp_can.o
    0x080075ba   0x080075ba   0x00000002   PAD
    0x080075bc   0x080075bc   0x00000180   Code   RO         1430    .text.get_shaft_angle  bsp_can.o
    0x0800773c   0x0800773c   0x0000012c   Code   RO         1711    .text.goto_4_part_return  route.o
    0x08007868   0x08007868   0x0000018c   Code   RO         1193    .text.jy61p_ReceiveData  jy61p.o
    0x080079f4   0x080079f4   0x000000d4   Code   RO         1547    .text.loop_float_constrain  user_lib.o
    0x08007ac8   0x08007ac8   0x00000112   Code   RO           11    .text.main          main.o
    0x08007bda   0x08007bda   0x00000006   PAD
    0x08007be0   0x08007be0   0x00000150   Code   RO         1179    .text.motor_angle_control  dji_motor.o
    0x08007d30   0x08007d30   0x000000fc   Code   RO         1175    .text.motor_speed_control  dji_motor.o
    0x08007e2c   0x08007e2c   0x000000e0   Code   RO         1177    .text.motor_stop    dji_motor.o
    0x08007f0c   0x08007f0c   0x00000024   Code   RO         1549    .text.rad_format    user_lib.o
    0x08007f30   0x08007f30   0x0000001c   Code   RO         1474    .text.read_time     bsp_dwt.o
    0x08007f4c   0x08007f4c   0x00000140   Code   RO         1292    .text.scan_cross    sensor.o
    0x0800808c   0x0800808c   0x00000084   Code   RO         1294    .text.scan_cross_nostop  sensor.o
    0x08008110   0x08008110   0x00000050   Code   RO         1282    .text.scan_line     sensor.o
    0x08008160   0x08008160   0x00000084   Code   RO         1592    .text.scan_stair    chassis.o
    0x080081e4   0x080081e4   0x00000010   Code   RO         1578    .text.spin180       chassis.o
    0x080081f4   0x080081f4   0x00000150   Code   RO         1652    .text.teeterboard_270  task.o
    0x08008344   0x08008344   0x00000054   Code   RO         1580    .text.track_dynamic_Speed  chassis.o
    0x08008398   0x08008398   0x00000054   Code   RO         1582    .text.track_dynamic_Speed_2Line  chassis.o
    0x080083ec   0x080083ec   0x000000a4   Code   RO         1570    .text.turn_left     chassis.o
    0x08008490   0x08008490   0x000000b8   Code   RO         1572    .text.turn_right    chassis.o
    0x08008548   0x08008548   0x00000052   Code   RO         1328    .text.uint_to_float  dm_motor.o
    0x0800859a   0x0800859a   0x00000002   PAD
    0x0800859c   0x0800859c   0x00000128   Code   RO         1624    .text.up_low_stair  task.o
    0x080086c4   0x080086c4   0x00000214   Code   RO         1628    .text.updown_low_stair  task.o
    0x080088d8   0x080088d8   0x00000084   Code   RO         1381    .text.usart2_receive  maixcam.o
    0x0800895c   0x0800895c   0x000000ba   Code   RO         1377    .text.usart6_receive  maixcam.o
    0x08008a16   0x08008a16   0x00000002   PAD
    0x08008a18   0x08008a18   0x00000052   Code   RO         1383    .text.usart6_send   maixcam.o
    0x08008a6a   0x08008a6a   0x00000002   PAD
    0x08008a6c   0x08008a6c   0x00000056   Code   RO         1664    .text.vision_init   task.o
    0x08008ac2   0x08008ac2   0x00000002   PAD
    0x08008ac4   0x08008ac4   0x00000048   Code   RO         1562    .text.walkspin_dynamic  chassis.o
    0x08008b0c   0x08008b0c   0x00000030   Code   RO         3915    i.__ARM_fpclassify  m_wm.l(fpclassify.o)
    0x08008b3c   0x08008b3c   0x00000004   PAD
    0x08008b40   0x08008b40   0x00000358   Code   RO         3809    i.__hardfp_exp      m_wm.l(exp.o)
    0x08008e98   0x08008e98   0x000000f8   Code   RO         3933    i.__kernel_poly     m_wm.l(poly.o)
    0x08008f90   0x08008f90   0x00000014   Code   RO         3902    i.__mathlib_dbl_infnan  m_wm.l(dunder.o)
    0x08008fa4   0x08008fa4   0x00000004   PAD
    0x08008fa8   0x08008fa8   0x00000020   Code   RO         3905    i.__mathlib_dbl_overflow  m_wm.l(dunder.o)
    0x08008fc8   0x08008fc8   0x00000020   Code   RO         3907    i.__mathlib_dbl_underflow  m_wm.l(dunder.o)
    0x08008fe8   0x08008fe8   0x00000062   Code   RO         3759    x$fpl$d2f           fz_wm.l(d2f.o)
    0x0800904a   0x0800904a   0x00000002   PAD
    0x0800904c   0x0800904c   0x00000150   Code   RO         3763    x$fpl$dadd          fz_wm.l(daddsub_clz.o)
    0x0800919c   0x0800919c   0x00000018   Code   RO         3969    x$fpl$dcmpinf       fz_wm.l(dcmpi.o)
    0x080091b4   0x080091b4   0x000002b8   Code   RO         3772    x$fpl$ddiv          fz_wm.l(ddiv.o)
    0x0800946c   0x0800946c   0x00000078   Code   RO         3877    x$fpl$deqf          fz_wm.l(deqf.o)
    0x080094e4   0x080094e4   0x0000005e   Code   RO         3775    x$fpl$dfix          fz_wm.l(dfix.o)
    0x08009542   0x08009542   0x0000002e   Code   RO         3784    x$fpl$dflt          fz_wm.l(dflt_clz.o)
    0x08009570   0x08009570   0x00000078   Code   RO         3879    x$fpl$dgeqf         fz_wm.l(dgeqf.o)
    0x080095e8   0x080095e8   0x00000078   Code   RO         3881    x$fpl$dleqf         fz_wm.l(dleqf.o)
    0x08009660   0x08009660   0x00000154   Code   RO         3789    x$fpl$dmul          fz_wm.l(dmul.o)
    0x080097b4   0x080097b4   0x0000009c   Code   RO         3883    x$fpl$dnaninf       fz_wm.l(dnaninf.o)
    0x08009850   0x08009850   0x0000000c   Code   RO         3885    x$fpl$dretinf       fz_wm.l(dretinf.o)
    0x0800985c   0x0800985c   0x0000006c   Code   RO         3887    x$fpl$drleqf        fz_wm.l(drleqf.o)
    0x080098c8   0x080098c8   0x00000016   Code   RO         3764    x$fpl$drsb          fz_wm.l(daddsub_clz.o)
    0x080098de   0x080098de   0x00000002   PAD
    0x080098e0   0x080098e0   0x000001dc   Code   RO         3765    x$fpl$dsub          fz_wm.l(daddsub_clz.o)
    0x08009abc   0x08009abc   0x00000056   Code   RO         3791    x$fpl$f2d           fz_wm.l(f2d.o)
    0x08009b12   0x08009b12   0x00000054   Code   RO         3769    x$fpl$fcmp          fz_wm.l(dcmp.o)
    0x08009b66   0x08009b66   0x0000008c   Code   RO         3891    x$fpl$fnaninf       fz_wm.l(fnaninf.o)
    0x08009bf2   0x08009bf2   0x0000001a   Code   RO         4066    x$fpl$fpinit        fz_wm.l(fpinit.o)
    0x08009c0c   0x08009c0c   0x0000000a   Code   RO         3893    x$fpl$fretinf       fz_wm.l(fretinf.o)
    0x08009c16   0x08009c16   0x00000000   Code   RO         3897    x$fpl$usenofp       fz_wm.l(usenofp.o)
    0x08009c16   0x08009c16   0x00000002   PAD
    0x08009c18   0x08009c18   0x00000058   Data   RO         3812    .constdata          m_wm.l(exp.o)
    0x08009c70   0x08009c70   0x00000010   Data   RO         1164    .rodata.AHBPrescTable  system_stm32f4xx.o
    0x08009c80   0x08009c80   0x00000008   Data   RO         1165    .rodata.APBPrescTable  system_stm32f4xx.o
    0x08009c88   0x08009c88   0x00000008   Data   RO          458    .rodata.DMA_CalcBaseAndBitshift.flagBitshiftOffset  stm32f4xx_hal_dma.o
    0x08009c90   0x08009c90   0x00000020   Data   RO         4127    Region$$Table       anon$$obj.o


    Execution Region RW_IRAM1 (Exec base: 0x20000000, Load base: 0x08009cb0, Size: 0x00000e68, Max: 0x0001c000, ABSOLUTE)

    Exec Addr    Load Addr    Size         Type   Attr      Idx    E Section Name        Object

    0x20000000   0x08009cb0   0x00000005   Data   RW         1208    .data.JY61P_SAVE_CMD  jy61p.o
    0x20000005   0x08009cb5   0x00000005   Data   RW         1206    .data.JY61P_ULOCK_CMD  jy61p.o
    0x2000000a   0x08009cba   0x00000005   Data   RW         1209    .data.JY61P_XY0_CMD  jy61p.o
    0x2000000f   0x08009cbf   0x00000005   Data   RW         1210    .data.JY61P_Z0_CMD  jy61p.o
    0x20000014   0x08009cc4   0x00000004   Data   RW         1163    .data.SystemCoreClock  system_stm32f4xx.o
    0x20000018   0x08009cc8   0x00000005   Data   RW         1211    .data.WT101_Z0_CMD  jy61p.o
    0x2000001d   0x08009ccd   0x00000003   Data   RW         1412    .data.sign          maixcam.o
    0x20000020   0x08009cd0   0x00000001   Data   RW          658    .data.uwTickFreq    stm32f4xx_hal.o
    0x20000021   0x08009cd1   0x00000003   PAD
    0x20000024   0x08009cd4   0x00000004   Data   RW          657    .data.uwTickPrio    stm32f4xx_hal.o
    0x20000028        -       0x00000060   Zero   RW         3978    .bss                c_w.l(libspace.o)
    0x20000088        -       0x00000004   Zero   RW         1476    .bss.CPU_FREQ_Hz    bsp_dwt.o
    0x2000008c        -       0x00000004   Zero   RW         1477    .bss.CPU_FREQ_Hz_ms  bsp_dwt.o
    0x20000090        -       0x00000004   Zero   RW         1478    .bss.CPU_FREQ_Hz_us  bsp_dwt.o
    0x20000094   0x08009cd8   0x00000004   PAD
    0x20000098        -       0x00000008   Zero   RW         1483    .bss.CYCCNT64       bsp_dwt.o
    0x200000a0        -       0x00000004   Zero   RW         1485    .bss.CYCCNT_LAST    bsp_dwt.o
    0x200000a4        -       0x00000004   Zero   RW         1479    .bss.CYCCNT_RountCount  bsp_dwt.o
    0x200000a8        -       0x00000008   Zero   RW         1480    .bss.DWT_SysTimeUpdate.CNT_TEMP1  bsp_dwt.o
    0x200000b0        -       0x00000008   Zero   RW         1481    .bss.DWT_SysTimeUpdate.CNT_TEMP2  bsp_dwt.o
    0x200000b8        -       0x00000008   Zero   RW         1482    .bss.DWT_SysTimeUpdate.CNT_TEMP3  bsp_dwt.o
    0x200000c0        -       0x00000048   Zero   RW         1441    .bss.Gimbal_Motor   bsp_can.o
    0x20000108        -       0x00000001   Zero   RW         1442    .bss.HAL_CAN_RxFifo0MsgPendingCallback.i  bsp_can.o
    0x20000109   0x08009cd8   0x00000003   PAD
    0x2000010c        -       0x00000004   Zero   RW           44    .bss.HAL_RCC_CAN1_CLK_ENABLED  can.o
    0x20000110        -       0x00000080   Zero   RW         1528    .bss.Motor1SpeedPID  pid.o
    0x20000190        -       0x00000080   Zero   RW         1529    .bss.Motor2SpeedPID  pid.o
    0x20000210        -       0x00000080   Zero   RW         1530    .bss.Motor3SpeedPID  pid.o
    0x20000290        -       0x00000080   Zero   RW         1531    .bss.Motor4SpeedPID  pid.o
    0x20000310        -       0x00000014   Zero   RW         1524    .bss.PID_YAW        pid.o
    0x20000324        -       0x00000014   Zero   RW         1525    .bss.PID_sensor1    pid.o
    0x20000338        -       0x00000014   Zero   RW         1526    .bss.PID_sensor2    pid.o
    0x2000034c        -       0x00000014   Zero   RW         1527    .bss.PID_sensor3    pid.o
    0x20000360        -       0x00000014   Zero   RW         1523    .bss.PID_straight   pid.o
    0x20000374        -       0x00000004   Zero   RW         1216    .bss.Pitch          jy61p.o
    0x20000378        -       0x00000004   Zero   RW         1215    .bss.Roll           jy61p.o
    0x2000037c        -       0x0000000b   Zero   RW         1213    .bss.RxBuffer       jy61p.o
    0x20000387        -       0x0000000b   Zero   RW         1218    .bss.RxBuffer1      jy61p.o
    0x20000392        -       0x00000001   Zero   RW         1398    .bss.RxData         maixcam.o
    0x20000393        -       0x00000001   Zero   RW         1399    .bss.RxData_101     maixcam.o
    0x20000394        -       0x00000001   Zero   RW         1214    .bss.RxIndex        jy61p.o
    0x20000395        -       0x00000001   Zero   RW         1219    .bss.RxIndex1       jy61p.o
    0x20000396        -       0x00000001   Zero   RW         1212    .bss.RxState        jy61p.o
    0x20000397        -       0x00000001   Zero   RW         1217    .bss.RxState1       jy61p.o
    0x20000398        -       0x00000008   Zero   RW         1484    .bss.SysTime        bsp_dwt.o
    0x200003a0        -       0x00000001   Zero   RW         1397    .bss.U2_RxByte      maixcam.o
    0x200003a1        -       0x00000005   Zero   RW         1408    .bss.U2_byte_buf    maixcam.o
    0x200003a6        -       0x00000002   Zero   RW         1409    .bss.U2_byte_index  maixcam.o
    0x200003a8        -       0x00000004   Zero   RW         1400    .bss.U3_rx_data     maixcam.o
    0x200003ac        -       0x00000004   Zero   RW         1614    .bss.W_out          chassis.o
    0x200003b0        -       0x00000004   Zero   RW         1220    .bss.Yaw            jy61p.o
    0x200003b4        -       0x00000004   Zero   RW         1613    .bss.bais           chassis.o
    0x200003b8        -       0x00000008   Zero   RW         1444    .bss.chassis_can_send_data  bsp_can.o
    0x200003c0        -       0x00000060   Zero   RW         1440    .bss.chassis_motor  bsp_can.o
    0x20000420        -       0x00000018   Zero   RW         1443    .bss.chassis_tx_message  bsp_can.o
    0x20000438        -       0x00000001   Zero   RW         1410    .bss.choose_cross_flag  maixcam.o
    0x20000439   0x08009cd8   0x00000003   PAD
    0x2000043c        -       0x00000004   Zero   RW         1533    .bss.f_Integral_Limit.temp_Iout  pid.o
    0x20000440        -       0x00000004   Zero   RW         1532    .bss.f_Integral_Limit.temp_Output  pid.o
    0x20000444        -       0x00000028   Zero   RW           42    .bss.hcan1          can.o
    0x2000046c        -       0x00000028   Zero   RW           43    .bss.hcan2          can.o
    0x20000494        -       0x00000060   Zero   RW          111    .bss.hdma_usart2_rx  usart.o
    0x200004f4        -       0x00000048   Zero   RW           78    .bss.htim1          tim.o
    0x2000053c        -       0x00000048   Zero   RW           79    .bss.htim2          tim.o
    0x20000584        -       0x00000048   Zero   RW           80    .bss.htim3          tim.o
    0x200005cc        -       0x00000048   Zero   RW           81    .bss.htim4          tim.o
    0x20000614        -       0x00000048   Zero   RW          107    .bss.huart1         usart.o
    0x2000065c        -       0x00000048   Zero   RW          108    .bss.huart2         usart.o
    0x200006a4        -       0x00000048   Zero   RW          109    .bss.huart3         usart.o
    0x200006ec        -       0x00000048   Zero   RW          105    .bss.huart4         usart.o
    0x20000734        -       0x00000048   Zero   RW          106    .bss.huart5         usart.o
    0x2000077c        -       0x00000048   Zero   RW          110    .bss.huart6         usart.o
    0x200007c4        -       0x0000000c   Zero   RW         1406    .bss.line           maixcam.o
    0x200007d0        -       0x00000086   Zero   RW         1403    .bss.rx_ring_buffer  maixcam.o
    0x20000856        -       0x00000001   Zero   RW         1318    .bss.scan_cross_flag  sensor.o
    0x20000857   0x08009cd8   0x00000001   PAD
    0x20000858        -       0x00000004   Zero   RW         1316    .bss.scan_flag      sensor.o
    0x2000085c        -       0x00000001   Zero   RW         1407    .bss.u2_state       maixcam.o
    0x2000085d        -       0x00000001   Zero   RW         1615    .bss.upstair_low_flag  chassis.o
    0x2000085e   0x08009cd8   0x00000002   PAD
    0x20000860        -       0x00000004   Zero   RW          659    .bss.uwTick         stm32f4xx_hal.o
    0x20000864   0x08009cd8   0x00000004   PAD
    0x20000868        -       0x00000200   Zero   RW            2    HEAP                startup_stm32f407xx.o
    0x20000a68        -       0x00000400   Zero   RW            1    STACK               startup_stm32f407xx.o


    Execution Region RW_IRAM2 (Exec base: 0x2001c000, Load base: 0x08009cd8, Size: 0x00000000, Max: 0x00004000, ABSOLUTE)

    **** No section assigned to this execution region ****


==============================================================================

Image component sizes


      Code (inc. data)   RO Data    RW Data    ZI Data      Debug   Object Name

       222         32          0          0          0        898   arm.o
       872         12          0          0        201       6566   bsp_can.o
       776         16          0          0         60       3821   bsp_dwt.o
       566          0          0          0         84       6421   can.o
      1652         80          0          0          9       7274   chassis.o
       930         36          0          0          0       1752   dji_motor.o
       314         16          0          0          0       3655   dm_motor.o
        60          0          0          0          0       3274   dma.o
       392          0          0          0          0       2236   gpio.o
      1080         28          0         25         38       2214   jy61p.o
       466          0          0          0          0       3662   main.o
      1210          0          0          3        162       9093   maixcam.o
      2002         28          0          0        620       5908   pid.o
       300         20          0          0          0       3596   route.o
      2120         28          0          0          5       7246   sensor.o
        64         26        392          0       1536        824   startup_stm32f407xx.o
       270          0          0          5          4       7096   stm32f4xx_hal.o
      3096          0          0          0          0      11547   stm32f4xx_hal_can.o
       482          0          0          0          0       9707   stm32f4xx_hal_cortex.o
      1794          8          8          0          0       8485   stm32f4xx_hal_dma.o
      1042          0          0          0          0       5081   stm32f4xx_hal_gpio.o
        74          0          0          0          0       1462   stm32f4xx_hal_msp.o
      2646          0          0          0          0       7558   stm32f4xx_hal_rcc.o
      3922         14          0          0          0      36001   stm32f4xx_hal_tim.o
       484          0          0          0          0      15321   stm32f4xx_hal_tim_ex.o
      2994          0          0          0          0      20329   stm32f4xx_hal_uart.o
       210          0          0          0          0       2028   stm32f4xx_it.o
        18          0         24          4          0       2509   system_stm32f4xx.o
      1250         84          0          0          0       9057   task.o
      1330          0          0          0        288       9681   tim.o
      1422          0          0          0        528       8437   usart.o
       248          8          0          0          0       1856   user_lib.o

    ----------------------------------------------------------------------
     34468        440        456         40       3552     224595   Object Totals
         0          0         32          0          0          0   (incl. Generated)
       160          4          0          3         17          0   (incl. Padding)

    ----------------------------------------------------------------------

      Code (inc. data)   RO Data    RW Data    ZI Data      Debug   Library Member Name

         8          0          0          0          0         68   __main.o
         0          0          0          0          0          0   __rtentry.o
        12          0          0          0          0          0   __rtentry2.o
         6          0          0          0          0          0   __rtentry4.o
        94          8          0          0          0          0   __scatter.o
        26          0          0          0          0          0   __scatter_copy.o
        28          0          0          0          0          0   __scatter_zi.o
        22          0          0          0          0        100   _rserrno.o
        18          0          0          0          0         80   exit.o
         6          0          0          0          0        152   heapauxi.o
         0          0          0          0          0          0   indicate_semi.o
         2          0          0          0          0          0   libinit.o
         6          0          0          0          0          0   libinit2.o
         2          0          0          0          0          0   libshutdown.o
         2          0          0          0          0          0   libshutdown2.o
         8          4          0          0         96         68   libspace.o
       240          0          0          0          0        100   lludivv7m.o
         8          4          0          0          0         68   rt_errno_addr_intlibspace.o
        78          0          0          0          0         80   rt_memclr_w.o
         2          0          0          0          0          0   rtexit.o
        10          0          0          0          0          0   rtexit2.o
        62          0          0          0          0         76   strlen.o
        12          4          0          0          0         68   sys_exit.o
        74          0          0          0          0         80   sys_stackheap_outer.o
         2          0          0          0          0         68   use_no_semi.o
        98          4          0          0          0        140   d2f.o
       834         16          0          0          0        516   daddsub_clz.o
        84          0          0          0          0        244   dcmp.o
        24          0          0          0          0        116   dcmpi.o
       696        140          0          0          0        264   ddiv.o
       120          4          0          0          0        140   deqf.o
        94          4          0          0          0        140   dfix.o
        46          0          0          0          0        116   dflt_clz.o
       120          4          0          0          0        140   dgeqf.o
       120          4          0          0          0        140   dleqf.o
       340         12          0          0          0        152   dmul.o
       156          4          0          0          0        140   dnaninf.o
        12          0          0          0          0        116   dretinf.o
       108          0          0          0          0        128   drleqf.o
        86          4          0          0          0        132   f2d.o
       140          4          0          0          0        132   fnaninf.o
        26          0          0          0          0        116   fpinit.o
        10          0          0          0          0        116   fretinf.o
         0          0          0          0          0          0   usenofp.o
        84         16          0          0          0        372   dunder.o
       856        142         88          0          0        288   exp.o
        48          0          0          0          0        124   fpclassify.o
       248          0          0          0          0        152   poly.o

    ----------------------------------------------------------------------
      5100        378         88          0         96       4932   Library Totals
        22          0          0          0          0          0   (incl. Padding)

    ----------------------------------------------------------------------

      Code (inc. data)   RO Data    RW Data    ZI Data      Debug   Library Name

       728         20          0          0         96       1008   c_w.l
      3114        200          0          0          0       2988   fz_wm.l
      1236        158         88          0          0        936   m_wm.l

    ----------------------------------------------------------------------
      5100        378         88          0         96       4932   Library Totals

    ----------------------------------------------------------------------

==============================================================================


      Code (inc. data)   RO Data    RW Data    ZI Data      Debug   

     39568        818        544         40       3648     226179   Grand Totals
     39568        818        544         40       3648     226179   ELF Image Totals
     39568        818        544         40          0          0   ROM Totals

==============================================================================

    Total RO  Size (Code + RO Data)                40112 (  39.17kB)
    Total RW  Size (RW Data + ZI Data)              3688 (   3.60kB)
    Total ROM Size (Code + RO Data + RW Data)      40152 (  39.21kB)

==============================================================================

